Component: ARM Compiler 5.06 update 5 (build 528) Tool: armlink [4d35e2]

==============================================================================

Section Cross References

    adc.o(i.ADC1_COMP_IRQHandler) refers to stm32f0xx_adc.o(i.ADC_GetITStatus) for ADC_GetITStatus
    adc.o(i.ADC1_COMP_IRQHandler) refers to stm32f0xx_adc.o(i.ADC_ClearITPendingBit) for ADC_ClearITPendingBit
    adc.o(i.ADC1_COMP_IRQHandler) refers to main.o(.data) for blink
    adc.o(i.ADC1_COMP_IRQHandler) refers to main.o(.bss) for water
    adc.o(i.Init_ADC) refers to stm32f0xx_adc.o(i.ADC_StructInit) for ADC_StructInit
    adc.o(i.Init_ADC) refers to stm32f0xx_adc.o(i.ADC_Init) for ADC_Init
    adc.o(i.Init_ADC) refers to stm32f0xx_adc.o(i.ADC_ChannelConfig) for ADC_ChannelConfig
    adc.o(i.Init_ADC) refers to stm32f0xx_adc.o(i.ADC_GetCalibrationFactor) for ADC_GetCalibrationFactor
    adc.o(i.Init_ADC) refers to stm32f0xx_adc.o(i.ADC_ITConfig) for ADC_ITConfig
    adc.o(i.Init_ADC) refers to stm32f0xx_adc.o(i.ADC_Cmd) for ADC_Cmd
    adc.o(i.Init_ADC) refers to stm32f0xx_adc.o(i.ADC_GetFlagStatus) for ADC_GetFlagStatus
    adc.o(i.Init_ADC) refers to stm32f0xx_misc.o(i.NVIC_Init) for NVIC_Init
    adc.o(i.Init_ADC) refers to stm32f0xx_adc.o(i.ADC_StartOfConversion) for ADC_StartOfConversion
    adc.o(i.Init_ADC) refers to main.o(.bss) for ADC_InitStructure
    adc.o(i.Init_ADC) refers to main.o(.data) for NVIC_InitStructure
    can.o(i.CEC_CAN_IRQHandler) refers to stm32f0xx_can.o(i.CAN_GetITStatus) for CAN_GetITStatus
    can.o(i.CEC_CAN_IRQHandler) refers to stm32f0xx_can.o(i.CAN_ClearITPendingBit) for CAN_ClearITPendingBit
    can.o(i.CEC_CAN_IRQHandler) refers to stm32f0xx_can.o(i.CAN_Receive) for CAN_Receive
    can.o(i.CEC_CAN_IRQHandler) refers to can.o(i.out_config_convert) for out_config_convert
    can.o(i.CEC_CAN_IRQHandler) refers to stm32f0xx_can.o(i.CAN_Transmit) for CAN_Transmit
    can.o(i.CEC_CAN_IRQHandler) refers to stm32f0xx_can.o(i.CAN_GetLastErrorCode) for CAN_GetLastErrorCode
    can.o(i.CEC_CAN_IRQHandler) refers to stm32f0xx_gpio.o(i.GPIO_SetBits) for GPIO_SetBits
    can.o(i.CEC_CAN_IRQHandler) refers to stm32f0xx_gpio.o(i.GPIO_ResetBits) for GPIO_ResetBits
    can.o(i.CEC_CAN_IRQHandler) refers to stm32f0xx_can.o(i.CAN_ITConfig) for CAN_ITConfig
    can.o(i.CEC_CAN_IRQHandler) refers to main.o(i.flash_erase) for flash_erase
    can.o(i.CEC_CAN_IRQHandler) refers to main.o(i.flash_prog_all) for flash_prog_all
    can.o(i.CEC_CAN_IRQHandler) refers to main.o(.data) for can_on
    can.o(i.CEC_CAN_IRQHandler) refers to main.o(.data) for buttons
    can.o(i.CEC_CAN_IRQHandler) refers to main.o(.data) for light_mask
    can.o(i.CEC_CAN_IRQHandler) refers to main.o(.data) for input_config
    can.o(i.CEC_CAN_IRQHandler) refers to main.o(.bss) for TxMessage
    can.o(i.CEC_CAN_IRQHandler) refers to main.o(.data) for rpm
    can.o(i.CEC_CAN_IRQHandler) refers to main.o(.data) for power_up
    can.o(i.CEC_CAN_IRQHandler) refers to main.o(.data) for temper
    can.o(i.CEC_CAN_IRQHandler) refers to main.o(.data) for oil
    can.o(i.CEC_CAN_IRQHandler) refers to main.o(.data) for ignition
    can.o(i.CEC_CAN_IRQHandler) refers to main.o(.data) for light_buf
    can.o(i.Init_CAN) refers to stm32f0xx_can.o(i.CAN_DeInit) for CAN_DeInit
    can.o(i.Init_CAN) refers to stm32f0xx_can.o(i.CAN_Init) for CAN_Init
    can.o(i.Init_CAN) refers to stm32f0xx_can.o(i.CAN_ITConfig) for CAN_ITConfig
    can.o(i.Init_CAN) refers to stm32f0xx_can.o(i.CAN_FilterInit) for CAN_FilterInit
    can.o(i.Init_CAN) refers to stm32f0xx_misc.o(i.NVIC_Init) for NVIC_Init
    can.o(i.Init_CAN) refers to main.o(.bss) for CAN_InitStructure
    can.o(i.Init_CAN) refers to main.o(.bss) for CAN_FilterInitStructure
    can.o(i.Init_CAN) refers to main.o(.data) for NVIC_InitStructure
    gpio.o(i.Init_GPIO) refers to stm32f0xx_gpio.o(i.GPIO_StructInit) for GPIO_StructInit
    gpio.o(i.Init_GPIO) refers to stm32f0xx_gpio.o(i.GPIO_Init) for GPIO_Init
    gpio.o(i.Init_GPIO) refers to stm32f0xx_gpio.o(i.GPIO_PinAFConfig) for GPIO_PinAFConfig
    gpio.o(i.Init_GPIO) refers to main.o(.data) for GPIO_InitStructure
    gpio.o(i.Init_SPI) refers to stm32f0xx_spi.o(i.SPI_Init) for SPI_Init
    gpio.o(i.Init_SPI) refers to stm32f0xx_spi.o(i.SPI_Cmd) for SPI_Cmd
    gpio.o(i.Init_SPI) refers to stm32f0xx_spi.o(i.SPI_NSSInternalSoftwareConfig) for SPI_NSSInternalSoftwareConfig
    main.o(i.flash_prog_all) refers to main.o(.bss) for .bss
    main.o(i.flash_prog_all) refers to main.o(.data) for .data
    main.o(i.main) refers to rcc.o(i.Init_IWDG) for Init_IWDG
    main.o(i.main) refers to aeabi_sdiv.o(.text) for __aeabi_idivmod
    main.o(i.main) refers to rcc.o(i.Init_RCC) for Init_RCC
    main.o(i.main) refers to gpio.o(i.Init_GPIO) for Init_GPIO
    main.o(i.main) refers to gpio.o(i.Init_SPI) for Init_SPI
    main.o(i.main) refers to adc.o(i.Init_ADC) for Init_ADC
    main.o(i.main) refers to can.o(i.Init_CAN) for Init_CAN
[...]
    stm32f0xx_rcc.o(i.RCC_GetClocksFreq) refers to stm32f0xx_rcc.o(.data) for .data
    stm32f0xx_rcc.o(i.RCC_WaitForHSEStartUp) refers to stm32f0xx_rcc.o(i.RCC_GetFlagStatus) for RCC_GetFlagStatus
    stm32f0xx_spi.o(i.I2S_Init) refers to stm32f0xx_rcc.o(i.RCC_GetClocksFreq) for RCC_GetClocksFreq
    stm32f0xx_spi.o(i.I2S_Init) refers to aeabi_sdiv.o(.text) for __aeabi_uidivmod
    stm32f0xx_spi.o(i.SPI_I2S_DeInit) refers to stm32f0xx_rcc.o(i.RCC_APB2PeriphResetCmd) for RCC_APB2PeriphResetCmd
    stm32f0xx_spi.o(i.SPI_I2S_DeInit) refers to stm32f0xx_rcc.o(i.RCC_APB1PeriphResetCmd) for RCC_APB1PeriphResetCmd
    startup_stm32f072xb.o(STACK) refers (Special) to heapauxi.o(.text) for __use_two_region_memory
    startup_stm32f072xb.o(HEAP) refers (Special) to heapauxi.o(.text) for __use_two_region_memory
    startup_stm32f072xb.o(RESET) refers (Special) to heapauxi.o(.text) for __use_two_region_memory
    startup_stm32f072xb.o(RESET) refers to startup_stm32f072xb.o(STACK) for __initial_sp
    startup_stm32f072xb.o(RESET) refers to startup_stm32f072xb.o(.text) for Reset_Handler
    startup_stm32f072xb.o(RESET) refers to adc.o(i.ADC1_COMP_IRQHandler) for ADC1_COMP_IRQHandler
    startup_stm32f072xb.o(RESET) refers to timer.o(i.TIM14_IRQHandler) for TIM14_IRQHandler
    startup_stm32f072xb.o(RESET) refers to timer.o(i.TIM16_IRQHandler) for TIM16_IRQHandler
    startup_stm32f072xb.o(RESET) refers to timer.o(i.TIM17_IRQHandler) for TIM17_IRQHandler
    startup_stm32f072xb.o(RESET) refers to can.o(i.CEC_CAN_IRQHandler) for CEC_CAN_IRQHandler
    startup_stm32f072xb.o(.text) refers (Special) to heapauxi.o(.text) for __use_two_region_memory
    startup_stm32f072xb.o(.text) refers to system_stm32f0xx.o(i.SystemInit) for SystemInit
    startup_stm32f072xb.o(.text) refers to __main.o(!!!main) for __main
    startup_stm32f072xb.o(.text) refers to startup_stm32f072xb.o(HEAP) for Heap_Mem
    startup_stm32f072xb.o(.text) refers to startup_stm32f072xb.o(STACK) for Stack_Mem
    system_stm32f0xx.o(i.SystemCoreClockUpdate) refers to aeabi_sdiv.o(.text) for __aeabi_uidivmod
    system_stm32f0xx.o(i.SystemCoreClockUpdate) refers to system_stm32f0xx.o(.data) for .data
    system_stm32f0xx.o(i.SystemInit) refers to system_stm32f0xx.o(i.SetSysClock) for SetSysClock
    __main.o(!!!main) refers to __rtentry.o(.ARM.Collect$$rtentry$$00000000) for __rt_entry
    __rtentry.o(.ARM.Collect$$rtentry$$00000000) refers (Special) to __rtentry2.o(.ARM.Collect$$rtentry$$0000000A) for __rt_entry_li
    __rtentry.o(.ARM.Collect$$rtentry$$00000000) refers (Special) to __rtentry2.o(.ARM.Collect$$rtentry$$0000000D) for __rt_entry_main
    __rtentry.o(.ARM.Collect$$rtentry$$00000000) refers (Special) to __rtentry2.o(.ARM.Collect$$rtentry$$0000000C) for __rt_entry_postli_1
    __rtentry.o(.ARM.Collect$$rtentry$$00000000) refers (Special) to __rtentry2.o(.ARM.Collect$$rtentry$$00000009) for __rt_entry_postsh_1
    __rtentry.o(.ARM.Collect$$rtentry$$00000000) refers (Special) to __rtentry2.o(.ARM.Collect$$rtentry$$00000002) for __rt_entry_presh_1
    __rtentry.o(.ARM.Collect$$rtentry$$00000000) refers (Special) to __rtentry4.o(.ARM.Collect$$rtentry$$00000004) for __rt_entry_sh
    aeabi_idiv0_sigfpe.o(.text) refers to rt_div0.o(.text) for __rt_div0
    __rtentry2.o(.ARM.Collect$$rtentry$$00000008) refers to boardinit2.o(.text) for _platform_post_stackheap_init
    __rtentry2.o(.ARM.Collect$$rtentry$$0000000A) refers to libinit.o(.ARM.Collect$$libinit$$00000000) for __rt_lib_init
    __rtentry2.o(.ARM.Collect$$rtentry$$0000000B) refers to boardinit3.o(.text) for _platform_post_lib_init
    __rtentry2.o(.ARM.Collect$$rtentry$$0000000D) refers to main.o(i.main) for main
    __rtentry2.o(.ARM.Collect$$rtentry$$0000000D) refers to exit.o(.text) for exit
    __rtentry2.o(.ARM.exidx) refers to __rtentry2.o(.ARM.Collect$$rtentry$$00000001) for .ARM.Collect$$rtentry$$00000001
    __rtentry2.o(.ARM.exidx) refers to __rtentry2.o(.ARM.Collect$$rtentry$$00000008) for .ARM.Collect$$rtentry$$00000008
    __rtentry2.o(.ARM.exidx) refers to __rtentry2.o(.ARM.Collect$$rtentry$$0000000A) for .ARM.Collect$$rtentry$$0000000A
    __rtentry2.o(.ARM.exidx) refers to __rtentry2.o(.ARM.Collect$$rtentry$$0000000B) for .ARM.Collect$$rtentry$$0000000B
    __rtentry2.o(.ARM.exidx) refers to __rtentry2.o(.ARM.Collect$$rtentry$$0000000D) for .ARM.Collect$$rtentry$$0000000D
    __rtentry4.o(.ARM.Collect$$rtentry$$00000004) refers to sys_stackheap_outer.o(.text) for __user_setup_stackheap
    __rtentry4.o(.ARM.exidx) refers to __rtentry4.o(.ARM.Collect$$rtentry$$00000004) for .ARM.Collect$$rtentry$$00000004
    rt_div0.o(.text) refers to defsig_fpe_outer.o(.text) for __rt_SIGFPE
    sys_stackheap_outer.o(.text) refers to libspace.o(.text) for __user_perproc_libspace
    sys_stackheap_outer.o(.text) refers to startup_stm32f072xb.o(.text) for __user_initial_stackheap
    sys_stackheap_outer.o(__vectab_stack_and_reset_area) refers to tempstk.o(.text) for __temporary_stack_top
    sys_stackheap_outer.o(__vectab_stack_and_reset_area) refers to __main.o(!!!main) for __main
    exit.o(.text) refers to rtexit.o(.ARM.Collect$$rtexit$$00000000) for __rt_exit
    defsig_fpe_outer.o(.text) refers to defsig_fpe_inner.o(.text) for __rt_SIGFPE_inner
    defsig_fpe_outer.o(.text) refers to defsig_exit.o(.text) for __sig_exit
    defsig_fpe_formal.o(.text) refers to rt_raise.o(.text) for __rt_raise
    libinit.o(.ARM.Collect$$libinit$$00000000) refers (Special) to libinit2.o(.ARM.Collect$$libinit$$0000002E) for __rt_lib_init_alloca_1
    libinit.o(.ARM.Collect$$libinit$$00000000) refers (Special) to libinit2.o(.ARM.Collect$$libinit$$0000002C) for __rt_lib_init_argv_1
    libinit.o(.ARM.Collect$$libinit$$00000000) refers (Special) to libinit2.o(.ARM.Collect$$libinit$$0000001B) for __rt_lib_init_atexit_1
    libinit.o(.ARM.Collect$$libinit$$00000000) refers (Special) to libinit2.o(.ARM.Collect$$libinit$$00000021) for __rt_lib_init_clock_1
    libinit.o(.ARM.Collect$$libinit$$00000000) refers (Special) to libinit2.o(.ARM.Collect$$libinit$$00000032) for __rt_lib_init_cpp_1
    libinit.o(.ARM.Collect$$libinit$$00000000) refers (Special) to libinit2.o(.ARM.Collect$$libinit$$00000030) for __rt_lib_init_exceptions_1
    libinit.o(.ARM.Collect$$libinit$$00000000) refers (Special) to libinit2.o(.ARM.Collect$$libinit$$00000002) for __rt_lib_init_fp_1
    libinit.o(.ARM.Collect$$libinit$$00000000) refers (Special) to libinit2.o(.ARM.Collect$$libinit$$0000001F) for __rt_lib_init_fp_trap_1
    libinit.o(.ARM.Collect$$libinit$$00000000) refers (Special) to libinit2.o(.ARM.Collect$$libinit$$00000023) for __rt_lib_init_getenv_1
    libinit.o(.ARM.Collect$$libinit$$00000000) refers (Special) to libinit2.o(.ARM.Collect$$libinit$$0000000A) for __rt_lib_init_heap_1
    libinit.o(.ARM.Collect$$libinit$$00000000) refers (Special) to libinit2.o(.ARM.Collect$$libinit$$00000011) for __rt_lib_init_lc_collate_1
    libinit.o(.ARM.Collect$$libinit$$00000000) refers (Special) to libinit2.o(.ARM.Collect$$libinit$$00000013) for __rt_lib_init_lc_ctype_1
    libinit.o(.ARM.Collect$$libinit$$00000000) refers (Special) to libinit2.o(.ARM.Collect$$libinit$$00000015) for __rt_lib_init_lc_monetary_1
    libinit.o(.ARM.Collect$$libinit$$00000000) refers (Special) to libinit2.o(.ARM.Collect$$libinit$$00000017) for __rt_lib_init_lc_numeric_1
    libinit.o(.ARM.Collect$$libinit$$00000000) refers (Special) to libinit2.o(.ARM.Collect$$libinit$$00000019) for __rt_lib_init_lc_time_1
    libinit.o(.ARM.Collect$$libinit$$00000000) refers (Special) to libinit2.o(.ARM.Collect$$libinit$$00000004) for __rt_lib_init_preinit_1
    libinit.o(.ARM.Collect$$libinit$$00000000) refers (Special) to libinit2.o(.ARM.Collect$$libinit$$0000000E) for __rt_lib_init_rand_1
    libinit.o(.ARM.Collect$$libinit$$00000000) refers (Special) to libinit2.o(.ARM.Collect$$libinit$$00000033) for __rt_lib_init_return
    libinit.o(.ARM.Collect$$libinit$$00000000) refers (Special) to libinit2.o(.ARM.Collect$$libinit$$0000001D) for __rt_lib_init_signal_1
    libinit.o(.ARM.Collect$$libinit$$00000000) refers (Special) to libinit2.o(.ARM.Collect$$libinit$$00000025) for __rt_lib_init_stdio_1
    libinit.o(.ARM.Collect$$libinit$$00000000) refers (Special) to libinit2.o(.ARM.Collect$$libinit$$0000000C) for __rt_lib_init_user_alloc_1
    libspace.o(.text) refers to libspace.o(.bss) for __libspace_start
    rtexit.o(.ARM.Collect$$rtexit$$00000000) refers (Special) to rtexit2.o(.ARM.Collect$$rtexit$$00000004) for __rt_exit_exit
    rtexit.o(.ARM.Collect$$rtexit$$00000000) refers (Special) to rtexit2.o(.ARM.Collect$$rtexit$$00000003) for __rt_exit_ls
    rtexit.o(.ARM.Collect$$rtexit$$00000000) refers (Special) to rtexit2.o(.ARM.Collect$$rtexit$$00000002) for __rt_exit_prels_1
    rtexit.o(.ARM.exidx) refers (Special) to rtexit2.o(.ARM.Collect$$rtexit$$00000004) for __rt_exit_exit
    rtexit.o(.ARM.exidx) refers (Special) to rtexit2.o(.ARM.Collect$$rtexit$$00000003) for __rt_exit_ls
    rtexit.o(.ARM.exidx) refers (Special) to rtexit2.o(.ARM.Collect$$rtexit$$00000002) for __rt_exit_prels_1
    rtexit.o(.ARM.exidx) refers to rtexit.o(.ARM.Collect$$rtexit$$00000000) for .ARM.Collect$$rtexit$$00000000
    rt_raise.o(.text) refers to __raise.o(.text) for __raise
    rt_raise.o(.text) refers to sys_exit.o(.text) for _sys_exit
    defsig_exit.o(.text) refers to sys_exit.o(.text) for _sys_exit
    defsig_fpe_inner.o(.text) refers to defsig_general.o(.text) for __default_signal_display
    libinit2.o(.ARM.Collect$$libinit$$00000010) refers to libinit2.o(.ARM.Collect$$libinit$$0000000F) for .ARM.Collect$$libinit$$0000000F
    libinit2.o(.ARM.Collect$$libinit$$00000012) refers to libinit2.o(.ARM.Collect$$libinit$$0000000F) for .ARM.Collect$$libinit$$0000000F
    libinit2.o(.ARM.Collect$$libinit$$00000014) refers to libinit2.o(.ARM.Collect$$libinit$$0000000F) for .ARM.Collect$$libinit$$0000000F
    libinit2.o(.ARM.Collect$$libinit$$00000016) refers to libinit2.o(.ARM.Collect$$libinit$$0000000F) for .ARM.Collect$$libinit$$0000000F
    libinit2.o(.ARM.Collect$$libinit$$00000018) refers to libinit2.o(.ARM.Collect$$libinit$$0000000F) for .ARM.Collect$$libinit$$0000000F
    libinit2.o(.ARM.Collect$$libinit$$00000026) refers to argv_veneer.o(.text) for __ARM_argv_veneer
    libinit2.o(.ARM.Collect$$libinit$$00000027) refers to argv_veneer.o(.text) for __ARM_argv_veneer
    sys_exit.o(.text) refers (Special) to use_no_semi.o(.text) for __I$use$semihosting
    sys_exit.o(.text) refers (Special) to indicate_semi.o(.text) for __semihosting_library_function
    rtexit2.o(.ARM.Collect$$rtexit$$00000003) refers to libshutdown.o(.ARM.Collect$$libshutdown$$00000000) for __rt_lib_shutdown
    rtexit2.o(.ARM.Collect$$rtexit$$00000004) refers to sys_exit.o(.text) for _sys_exit
    rtexit2.o(.ARM.exidx) refers to rtexit2.o(.ARM.Collect$$rtexit$$00000001) for .ARM.Collect$$rtexit$$00000001
    rtexit2.o(.ARM.exidx) refers to rtexit2.o(.ARM.Collect$$rtexit$$00000003) for .ARM.Collect$$rtexit$$00000003
    rtexit2.o(.ARM.exidx) refers to rtexit2.o(.ARM.Collect$$rtexit$$00000004) for .ARM.Collect$$rtexit$$00000004
    __raise.o(.text) refers to defsig.o(CL$$defsig) for __default_signal_handler
    defsig_general.o(.text) refers to sys_wrch.o(.text) for _ttywrch
    sys_wrch.o(.text) refers (Special) to use_no_semi.o(.text) for __I$use$semihosting
    sys_wrch.o(.text) refers (Special) to indicate_semi.o(.text) for __semihosting_library_function
    defsig.o(CL$$defsig) refers to defsig_fpe_inner.o(.text) for __rt_SIGFPE_inner
    defsig.o(CL$$defsig) refers to defsig_rtmem_inner.o(.text) for __rt_SIGRTMEM_inner
    _get_argv_nomalloc.o(.text) refers (Special) to hrguard.o(.text) for __heap_region$guard
    _get_argv_nomalloc.o(.text) refers to defsig_rtmem_outer.o(.text) for __rt_SIGRTMEM
    _get_argv_nomalloc.o(.text) refers to sys_command.o(.text) for _sys_command_string
    libshutdown.o(.ARM.Collect$$libshutdown$$00000000) refers (Special) to libshutdown2.o(.ARM.Collect$$libshutdown$$00000002) for __rt_lib_shutdown_cpp_1
    libshutdown.o(.ARM.Collect$$libshutdown$$00000000) refers (Special) to libshutdown2.o(.ARM.Collect$$libshutdown$$00000007) for __rt_lib_shutdown_fp_trap_1
    libshutdown.o(.ARM.Collect$$libshutdown$$00000000) refers (Special) to libshutdown2.o(.ARM.Collect$$libshutdown$$0000000F) for __rt_lib_shutdown_heap_1
    libshutdown.o(.ARM.Collect$$libshutdown$$00000000) refers (Special) to libshutdown2.o(.ARM.Collect$$libshutdown$$00000010) for __rt_lib_shutdown_return
    libshutdown.o(.ARM.Collect$$libshutdown$$00000000) refers (Special) to libshutdown2.o(.ARM.Collect$$libshutdown$$0000000A) for __rt_lib_shutdown_signal_1
    libshutdown.o(.ARM.Collect$$libshutdown$$00000000) refers (Special) to libshutdown2.o(.ARM.Collect$$libshutdown$$00000004) for __rt_lib_shutdown_stdio_1
    libshutdown.o(.ARM.Collect$$libshutdown$$00000000) refers (Special) to libshutdown2.o(.ARM.Collect$$libshutdown$$0000000C) for __rt_lib_shutdown_user_alloc_1
    sys_command.o(.text) refers (Special) to use_no_semi.o(.text) for __I$use$semihosting
    sys_command.o(.text) refers (Special) to indicate_semi.o(.text) for __semihosting_library_function
    defsig_abrt_inner.o(.text) refers to defsig_general.o(.text) for __default_signal_display
    defsig_rtred_inner.o(.text) refers to defsig_general.o(.text) for __default_signal_display
    defsig_rtmem_inner.o(.text) refers to defsig_general.o(.text) for __default_signal_display
    defsig_rtmem_outer.o(.text) refers to defsig_rtmem_inner.o(.text) for __rt_SIGRTMEM_inner
    defsig_rtmem_outer.o(.text) refers to defsig_exit.o(.text) for __sig_exit
    defsig_rtmem_formal.o(.text) refers to rt_raise.o(.text) for __rt_raise
    defsig_stak_inner.o(.text) refers to defsig_general.o(.text) for __default_signal_display
    defsig_pvfn_inner.o(.text) refers to defsig_general.o(.text) for __default_signal_display
    defsig_cppl_inner.o(.text) refers to defsig_general.o(.text) for __default_signal_display
    defsig_segv_inner.o(.text) refers to defsig_general.o(.text) for __default_signal_display
    defsig_other.o(.text) refers to defsig_general.o(.text) for __default_signal_display


==============================================================================

Removing Unused input sections from the image.

    Removing adc.o(.rev16_text), (4 bytes).
    Removing adc.o(.revsh_text), (4 bytes).
    Removing can.o(.rev16_text), (4 bytes).
    Removing can.o(.revsh_text), (4 bytes).
    Removing gpio.o(.rev16_text), (4 bytes).
    Removing gpio.o(.revsh_text), (4 bytes).
    Removing main.o(.rev16_text), (4 bytes).
    Removing main.o(.revsh_text), (4 bytes).
    Removing main.o(.bss), (18 bytes).
    Removing main.o(.data), (2 bytes).
    Removing main.o(.data), (1 bytes).
    Removing main.o(.data), (1 bytes).
    Removing rcc.o(.rev16_text), (4 bytes).
    Removing rcc.o(.revsh_text), (4 bytes).
    Removing timer.o(.rev16_text), (4 bytes).
    Removing timer.o(.revsh_text), (4 bytes).
    Removing timer.o(i.delay_ms), (56 bytes).
    Removing timer.o(i.delay_us), (48 bytes).
    Removing stm32f0xx_adc.o(.rev16_text), (4 bytes).
    Removing stm32f0xx_adc.o(.revsh_text), (4 bytes).
    Removing stm32f0xx_adc.o(i.ADC_AnalogWatchdogCmd), (24 bytes).
    Removing stm32f0xx_adc.o(i.ADC_AnalogWatchdogSingleChannelCmd), (24 bytes).
    Removing stm32f0xx_adc.o(i.ADC_AnalogWatchdogSingleChannelConfig), (14 bytes).
    Removing stm32f0xx_adc.o(i.ADC_AnalogWatchdogThresholdsConfig), (8 bytes).
    Removing stm32f0xx_adc.o(i.ADC_AutoPowerOffCmd), (24 bytes).
    Removing stm32f0xx_adc.o(i.ADC_ClearFlag), (4 bytes).
    Removing stm32f0xx_adc.o(i.ADC_ContinuousModeCmd), (24 bytes).
    Removing stm32f0xx_adc.o(i.ADC_DMACmd), (24 bytes).
    Removing stm32f0xx_adc.o(i.ADC_DMARequestModeConfig), (16 bytes).
    Removing stm32f0xx_adc.o(i.ADC_DeInit), (32 bytes).
    Removing stm32f0xx_adc.o(i.ADC_DiscModeCmd), (24 bytes).
    Removing stm32f0xx_adc.o(i.ADC_GetConversionValue), (6 bytes).
    Removing stm32f0xx_adc.o(i.ADC_JitterCmd), (20 bytes).
    Removing stm32f0xx_adc.o(i.ADC_OverrunModeCmd), (24 bytes).
    Removing stm32f0xx_adc.o(i.ADC_StopOfConversion), (10 bytes).
    Removing stm32f0xx_adc.o(i.ADC_TempSensorCmd), (32 bytes).
    Removing stm32f0xx_adc.o(i.ADC_VbatCmd), (32 bytes).
    Removing stm32f0xx_adc.o(i.ADC_VrefintCmd), (32 bytes).
    Removing stm32f0xx_adc.o(i.ADC_WaitModeCmd), (24 bytes).
    Removing stm32f0xx_can.o(.rev16_text), (4 bytes).
    Removing stm32f0xx_can.o(.revsh_text), (4 bytes).
    Removing stm32f0xx_can.o(i.CAN_CancelTransmit), (46 bytes).
    Removing stm32f0xx_can.o(i.CAN_ClearFlag), (48 bytes).
    Removing stm32f0xx_can.o(i.CAN_DBGFreeze), (24 bytes).
    Removing stm32f0xx_can.o(i.CAN_FIFORelease), (22 bytes).
    Removing stm32f0xx_can.o(i.CAN_GetFlagStatus), (82 bytes).
    Removing stm32f0xx_can.o(i.CAN_GetLSBTransmitErrorCounter), (8 bytes).
    Removing stm32f0xx_can.o(i.CAN_GetReceiveErrorCounter), (6 bytes).
    Removing stm32f0xx_can.o(i.CAN_MessagePending), (28 bytes).
    Removing stm32f0xx_can.o(i.CAN_OperatingModeRequest), (156 bytes).
    Removing stm32f0xx_can.o(i.CAN_SlaveStartBank), (44 bytes).
    Removing stm32f0xx_can.o(i.CAN_Sleep), (30 bytes).
    Removing stm32f0xx_can.o(i.CAN_StructInit), (32 bytes).
    Removing stm32f0xx_can.o(i.CAN_TTComModeCmd), (68 bytes).
    Removing stm32f0xx_can.o(i.CAN_TransmitStatus), (144 bytes).
    Removing stm32f0xx_can.o(i.CAN_WakeUp), (44 bytes).
    Removing stm32f0xx_gpio.o(.rev16_text), (4 bytes).
    Removing stm32f0xx_gpio.o(.revsh_text), (4 bytes).
    Removing stm32f0xx_gpio.o(i.GPIO_DeInit), (180 bytes).
    Removing stm32f0xx_gpio.o(i.GPIO_PinLockConfig), (28 bytes).
    Removing stm32f0xx_gpio.o(i.GPIO_ReadInputData), (4 bytes).
    Removing stm32f0xx_gpio.o(i.GPIO_ReadInputDataBit), (14 bytes).
    Removing stm32f0xx_gpio.o(i.GPIO_ReadOutputData), (4 bytes).
    Removing stm32f0xx_gpio.o(i.GPIO_ReadOutputDataBit), (14 bytes).
    Removing stm32f0xx_gpio.o(i.GPIO_Write), (4 bytes).
    Removing stm32f0xx_gpio.o(i.GPIO_WriteBit), (12 bytes).
    Removing stm32f0xx_iwdg.o(.rev16_text), (4 bytes).
    Removing stm32f0xx_iwdg.o(.revsh_text), (4 bytes).
    Removing stm32f0xx_iwdg.o(i.IWDG_GetFlagStatus), (20 bytes).
    Removing stm32f0xx_iwdg.o(i.IWDG_SetWindowValue), (12 bytes).
    Removing stm32f0xx_misc.o(.rev16_text), (4 bytes).
    Removing stm32f0xx_misc.o(.revsh_text), (4 bytes).
    Removing stm32f0xx_misc.o(i.NVIC_SystemLPConfig), (28 bytes).
    Removing stm32f0xx_misc.o(i.SysTick_CLKSourceConfig), (28 bytes).
    Removing stm32f0xx_rcc.o(.rev16_text), (4 bytes).
    Removing stm32f0xx_rcc.o(.revsh_text), (4 bytes).
    Removing stm32f0xx_rcc.o(i.RCC_ADCCLKConfig), (44 bytes).
    Removing stm32f0xx_rcc.o(i.RCC_AHBPeriphResetCmd), (28 bytes).
    Removing stm32f0xx_rcc.o(i.RCC_APB2PeriphResetCmd), (28 bytes).
    Removing stm32f0xx_rcc.o(i.RCC_AdjustHSI14CalibrationValue), (20 bytes).
    Removing stm32f0xx_rcc.o(i.RCC_AdjustHSICalibrationValue), (20 bytes).
    Removing stm32f0xx_rcc.o(i.RCC_BackupResetCmd), (32 bytes).
    Removing stm32f0xx_rcc.o(i.RCC_CECCLKConfig), (24 bytes).
    Removing stm32f0xx_rcc.o(i.RCC_ClearFlag), (20 bytes).
    Removing stm32f0xx_rcc.o(i.RCC_ClearITPendingBit), (12 bytes).
    Removing stm32f0xx_rcc.o(i.RCC_ClockSecuritySystemCmd), (32 bytes).
    Removing stm32f0xx_rcc.o(i.RCC_DeInit), (92 bytes).
    Removing stm32f0xx_rcc.o(i.RCC_GetClocksFreq), (404 bytes).
    Removing stm32f0xx_rcc.o(i.RCC_GetFlagStatus), (56 bytes).
    Removing stm32f0xx_rcc.o(i.RCC_GetITStatus), (20 bytes).
    Removing stm32f0xx_rcc.o(i.RCC_GetSYSCLKSource), (16 bytes).
    Removing stm32f0xx_rcc.o(i.RCC_HCLKConfig), (20 bytes).
    Removing stm32f0xx_rcc.o(i.RCC_HSEConfig), (16 bytes).
    Removing stm32f0xx_rcc.o(i.RCC_HSI14ADCRequestCmd), (28 bytes).
    Removing stm32f0xx_rcc.o(i.RCC_HSI14Cmd), (32 bytes).
    Removing stm32f0xx_rcc.o(i.RCC_HSI48Cmd), (32 bytes).
    Removing stm32f0xx_rcc.o(i.RCC_HSICmd), (32 bytes).
    Removing stm32f0xx_rcc.o(i.RCC_I2CCLKConfig), (24 bytes).
    Removing stm32f0xx_rcc.o(i.RCC_ITConfig), (28 bytes).
    Removing stm32f0xx_rcc.o(i.RCC_LSEConfig), (32 bytes).
    Removing stm32f0xx_rcc.o(i.RCC_LSEDriveConfig), (24 bytes).
    Removing stm32f0xx_rcc.o(i.RCC_LSICmd), (32 bytes).
    Removing stm32f0xx_rcc.o(i.RCC_MCOConfig), (24 bytes).
    Removing stm32f0xx_rcc.o(i.RCC_PCLKConfig), (20 bytes).
    Removing stm32f0xx_rcc.o(i.RCC_PLLCmd), (32 bytes).
    Removing stm32f0xx_rcc.o(i.RCC_PLLConfig), (28 bytes).
    Removing stm32f0xx_rcc.o(i.RCC_PREDIV1Config), (20 bytes).
    Removing stm32f0xx_rcc.o(i.RCC_RTCCLKCmd), (32 bytes).
    Removing stm32f0xx_rcc.o(i.RCC_RTCCLKConfig), (16 bytes).
    Removing stm32f0xx_rcc.o(i.RCC_SYSCLKConfig), (20 bytes).
    Removing stm32f0xx_rcc.o(i.RCC_USARTCLKConfig), (56 bytes).
    Removing stm32f0xx_rcc.o(i.RCC_USBCLKConfig), (24 bytes).
    Removing stm32f0xx_rcc.o(i.RCC_WaitForHSEStartUp), (50 bytes).
    Removing stm32f0xx_rcc.o(.data), (16 bytes).
    Removing stm32f0xx_spi.o(.rev16_text), (4 bytes).
    Removing stm32f0xx_spi.o(.revsh_text), (4 bytes).
    Removing stm32f0xx_spi.o(i.I2S_Cmd), (32 bytes).
    Removing stm32f0xx_spi.o(i.I2S_Init), (168 bytes).
    Removing stm32f0xx_spi.o(i.I2S_StructInit), (18 bytes).
    Removing stm32f0xx_spi.o(i.SPI_BiDirectionalLineConfig), (32 bytes).
    Removing stm32f0xx_spi.o(i.SPI_CRCLengthConfig), (20 bytes).
    Removing stm32f0xx_spi.o(i.SPI_CalculateCRC), (32 bytes).
    Removing stm32f0xx_spi.o(i.SPI_DataSizeConfig), (16 bytes).
    Removing stm32f0xx_spi.o(i.SPI_GetCRC), (12 bytes).
    Removing stm32f0xx_spi.o(i.SPI_GetCRCPolynomial), (4 bytes).
    Removing stm32f0xx_spi.o(i.SPI_GetReceptionFIFOStatus), (10 bytes).
    Removing stm32f0xx_spi.o(i.SPI_GetTransmissionFIFOStatus), (10 bytes).
    Removing stm32f0xx_spi.o(i.SPI_I2S_ClearFlag), (6 bytes).
    Removing stm32f0xx_spi.o(i.SPI_I2S_DMACmd), (20 bytes).
    Removing stm32f0xx_spi.o(i.SPI_I2S_DeInit), (64 bytes).
    Removing stm32f0xx_spi.o(i.SPI_I2S_GetITStatus), (42 bytes).
    Removing stm32f0xx_spi.o(i.SPI_I2S_ITConfig), (28 bytes).
    Removing stm32f0xx_spi.o(i.SPI_I2S_ReceiveData16), (4 bytes).
    Removing stm32f0xx_spi.o(i.SPI_LastDMATransferCmd), (20 bytes).
    Removing stm32f0xx_spi.o(i.SPI_NSSPulseModeCmd), (22 bytes).
    Removing stm32f0xx_spi.o(i.SPI_ReceiveData8), (4 bytes).
    Removing stm32f0xx_spi.o(i.SPI_RxFIFOThresholdConfig), (20 bytes).
    Removing stm32f0xx_spi.o(i.SPI_SSOutputCmd), (22 bytes).
    Removing stm32f0xx_spi.o(i.SPI_SendData8), (4 bytes).
    Removing stm32f0xx_spi.o(i.SPI_StructInit), (28 bytes).
    Removing stm32f0xx_spi.o(i.SPI_TIModeCmd), (22 bytes).
    Removing stm32f0xx_spi.o(i.SPI_TransmitCRC), (12 bytes).
    Removing system_stm32f0xx.o(.rev16_text), (4 bytes).
    Removing system_stm32f0xx.o(.revsh_text), (4 bytes).
    Removing system_stm32f0xx.o(i.SystemCoreClockUpdate), (124 bytes).
    Removing system_stm32f0xx.o(.data), (20 bytes).

146 unused section(s) (total 4068 bytes) removed from the image.

==============================================================================

Image Symbol Table

    Local Symbols

    Symbol Name                              Value     Ov Type        Size  Object(Section)

    ../clib/angel/boardlib.s                 0x00000000   Number         0  boardinit1.o ABSOLUTE
    ../clib/angel/boardlib.s                 0x00000000   Number         0  boardinit2.o ABSOLUTE
    ../clib/angel/boardlib.s                 0x00000000   Number         0  boardinit3.o ABSOLUTE
    ../clib/angel/boardlib.s                 0x00000000   Number         0  boardshut.o ABSOLUTE
    ../clib/angel/handlers.s                 0x00000000   Number         0  __scatter_zi.o ABSOLUTE
    ../clib/angel/handlers.s                 0x00000000   Number         0  __scatter_copy.o ABSOLUTE
    ../clib/angel/kernel.s                   0x00000000   Number         0  __rtentry2.o ABSOLUTE
    ../clib/angel/kernel.s                   0x00000000   Number         0  __rtentry.o ABSOLUTE
    ../clib/angel/kernel.s                   0x00000000   Number         0  __rtentry4.o ABSOLUTE
    ../clib/angel/kernel.s                   0x00000000   Number         0  rtexit2.o ABSOLUTE
    ../clib/angel/kernel.s                   0x00000000   Number         0  rtexit.o ABSOLUTE
    ../clib/angel/rt.s                       0x00000000   Number         0  aeabi_idiv0_sigfpe.o ABSOLUTE
    ../clib/angel/rt.s                       0x00000000   Number         0  aeabi_idiv0.o ABSOLUTE
    ../clib/angel/rt.s                       0x00000000   Number         0  rt_div0.o ABSOLUTE
    ../clib/angel/rt.s                       0x00000000   Number         0  rt_raise.o ABSOLUTE
    ../clib/angel/scatterp.s                 0x00000000   Number         0  __scatter.o ABSOLUTE
    ../clib/angel/startup.s                  0x00000000   Number         0  __main.o ABSOLUTE
    ../clib/angel/sys.s                      0x00000000   Number         0  tempstk.o ABSOLUTE
    ../clib/angel/sys.s                      0x00000000   Number         0  sys_stackheap_outer.o ABSOLUTE
    ../clib/angel/sys.s                      0x00000000   Number         0  libspace.o ABSOLUTE
    ../clib/angel/sys.s                      0x00000000   Number         0  use_no_semi.o ABSOLUTE
    ../clib/angel/sys.s                      0x00000000   Number         0  indicate_semi.o ABSOLUTE
    ../clib/angel/sysapp.c                   0x00000000   Number         0  sys_exit.o ABSOLUTE
    ../clib/angel/sysapp.c                   0x00000000   Number         0  sys_wrch.o ABSOLUTE
    ../clib/angel/sysapp.c                   0x00000000   Number         0  sys_command.o ABSOLUTE
    ../clib/armsys.c                         0x00000000   Number         0  _get_argv_nomalloc.o ABSOLUTE
    ../clib/armsys.c                         0x00000000   Number         0  argv_veneer.o ABSOLUTE
    ../clib/armsys.c                         0x00000000   Number         0  no_argv.o ABSOLUTE
    ../clib/division.s                       0x00000000   Number         0  aeabi_sdiv_div0.o ABSOLUTE
    ../clib/division.s                       0x00000000   Number         0  aeabi_sdiv.o ABSOLUTE
    ../clib/heapalloc.c                      0x00000000   Number         0  hrguard.o ABSOLUTE
    ../clib/heapaux.c                        0x00000000   Number         0  heapauxi.o ABSOLUTE
    ../clib/libinit.s                        0x00000000   Number         0  libinit2.o ABSOLUTE
    ../clib/libinit.s                        0x00000000   Number         0  libinit.o ABSOLUTE
    ../clib/libinit.s                        0x00000000   Number         0  libshutdown.o ABSOLUTE
    ../clib/libinit.s                        0x00000000   Number         0  libshutdown2.o ABSOLUTE
    ../clib/signal.c                         0x00000000   Number         0  defsig_fpe_formal.o ABSOLUTE
    ../clib/signal.c                         0x00000000   Number         0  defsig_abrt_inner.o ABSOLUTE
    ../clib/signal.c                         0x00000000   Number         0  defsig_fpe_inner.o ABSOLUTE
    ../clib/signal.c                         0x00000000   Number         0  defsig_rtred_inner.o ABSOLUTE
    ../clib/signal.c                         0x00000000   Number         0  defsig_rtmem_inner.o ABSOLUTE
    ../clib/signal.c                         0x00000000   Number         0  defsig_rtmem_formal.o ABSOLUTE
    ../clib/signal.c                         0x00000000   Number         0  defsig_general.o ABSOLUTE
    ../clib/signal.c                         0x00000000   Number         0  defsig_fpe_outer.o ABSOLUTE
    ../clib/signal.c                         0x00000000   Number         0  defsig_stak_inner.o ABSOLUTE
    ../clib/signal.c                         0x00000000   Number         0  defsig_pvfn_inner.o ABSOLUTE
    ../clib/signal.c                         0x00000000   Number         0  defsig_cppl_inner.o ABSOLUTE
    ../clib/signal.c                         0x00000000   Number         0  defsig_rtmem_outer.o ABSOLUTE
    ../clib/signal.c                         0x00000000   Number         0  defsig_exit.o ABSOLUTE
    ../clib/signal.c                         0x00000000   Number         0  defsig_segv_inner.o ABSOLUTE
    ../clib/signal.c                         0x00000000   Number         0  defsig_other.o ABSOLUTE
    ../clib/signal.c                         0x00000000   Number         0  __raise.o ABSOLUTE
    ../clib/signal.s                         0x00000000   Number         0  defsig.o ABSOLUTE
    ../clib/stdlib.c                         0x00000000   Number         0  exit.o ABSOLUTE
    ../fplib/cfplib/fpinit.c                 0x00000000   Number         0  fpinit.o ABSOLUTE
    RTE\Device\STM32F072RB\startup_stm32f072xb.s 0x00000000   Number         0  startup_stm32f072xb.o ABSOLUTE
    RTE\Device\STM32F072RB\system_stm32f0xx.c 0x00000000   Number         0  system_stm32f0xx.o ABSOLUTE
    RTE\\Device\\STM32F072RB\\system_stm32f0xx.c 0x00000000   Number         0  system_stm32f0xx.o ABSOLUTE
    dc.s                                     0x00000000   Number         0  dc.o ABSOLUTE
    files\ADC.c                              0x00000000   Number         0  adc.o ABSOLUTE
    files\CAN.c                              0x00000000   Number         0  can.o ABSOLUTE
    files\GPIO.c                             0x00000000   Number         0  gpio.o ABSOLUTE
    files\\ADC.c                             0x00000000   Number         0  adc.o ABSOLUTE
    files\\CAN.c                             0x00000000   Number         0  can.o ABSOLUTE
    files\\GPIO.c                            0x00000000   Number         0  gpio.o ABSOLUTE
    files\\main.c                            0x00000000   Number         0  main.o ABSOLUTE
    files\\rcc.c                             0x00000000   Number         0  rcc.o ABSOLUTE
    files\\timer.c                           0x00000000   Number         0  timer.o ABSOLUTE
    files\main.c                             0x00000000   Number         0  main.o ABSOLUTE
    files\rcc.c                              0x00000000   Number         0  rcc.o ABSOLUTE
    files\timer.c                            0x00000000   Number         0  timer.o ABSOLUTE
    src\\stm32f0xx_adc.c                     0x00000000   Number         0  stm32f0xx_adc.o ABSOLUTE
    src\\stm32f0xx_can.c                     0x00000000   Number         0  stm32f0xx_can.o ABSOLUTE
    src\\stm32f0xx_gpio.c                    0x00000000   Number         0  stm32f0xx_gpio.o ABSOLUTE
    src\\stm32f0xx_iwdg.c                    0x00000000   Number         0  stm32f0xx_iwdg.o ABSOLUTE
    src\\stm32f0xx_misc.c                    0x00000000   Number         0  stm32f0xx_misc.o ABSOLUTE
    src\\stm32f0xx_rcc.c                     0x00000000   Number         0  stm32f0xx_rcc.o ABSOLUTE
    src\\stm32f0xx_spi.c                     0x00000000   Number         0  stm32f0xx_spi.o ABSOLUTE
    src\stm32f0xx_adc.c                      0x00000000   Number         0  stm32f0xx_adc.o ABSOLUTE
    src\stm32f0xx_can.c                      0x00000000   Number         0  stm32f0xx_can.o ABSOLUTE
    src\stm32f0xx_gpio.c                     0x00000000   Number         0  stm32f0xx_gpio.o ABSOLUTE
    src\stm32f0xx_iwdg.c                     0x00000000   Number         0  stm32f0xx_iwdg.o ABSOLUTE
    src\stm32f0xx_misc.c                     0x00000000   Number         0  stm32f0xx_misc.o ABSOLUTE
    src\stm32f0xx_rcc.c                      0x00000000   Number         0  stm32f0xx_rcc.o ABSOLUTE
    src\stm32f0xx_spi.c                      0x00000000   Number         0  stm32f0xx_spi.o ABSOLUTE
    RESET                                    0x08000000   Section      192  startup_stm32f072xb.o(RESET)
    !!!main                                  0x080000c0   Section        8  __main.o(!!!main)
    !!!scatter                               0x080000c8   Section       60  __scatter.o(!!!scatter)
    !!handler_copy                           0x08000104   Section       26  __scatter_copy.o(!!handler_copy)
    !!handler_zi                             0x08000120   Section       28  __scatter_zi.o(!!handler_zi)
    .ARM.Collect$$libinit$$00000000          0x0800013c   Section        2  libinit.o(.ARM.Collect$$libinit$$00000000)
    .ARM.Collect$$libinit$$00000002          0x0800013e   Section        0  libinit2.o(.ARM.Collect$$libinit$$00000002)
    .ARM.Collect$$libinit$$00000004          0x0800013e   Section        0  libinit2.o(.ARM.Collect$$libinit$$00000004)
    .ARM.Collect$$libinit$$0000000A          0x0800013e   Section        0  libinit2.o(.ARM.Collect$$libinit$$0000000A)
    .ARM.Collect$$libinit$$0000000C          0x0800013e   Section        0  libinit2.o(.ARM.Collect$$libinit$$0000000C)
    .ARM.Collect$$libinit$$0000000E          0x0800013e   Section        0  libinit2.o(.ARM.Collect$$libinit$$0000000E)
    .ARM.Collect$$libinit$$00000011          0x0800013e   Section        0  libinit2.o(.ARM.Collect$$libinit$$00000011)
    .ARM.Collect$$libinit$$00000013          0x0800013e   Section        0  libinit2.o(.ARM.Collect$$libinit$$00000013)
    .ARM.Collect$$libinit$$00000015          0x0800013e   Section        0  libinit2.o(.ARM.Collect$$libinit$$00000015)
    .ARM.Collect$$libinit$$00000017          0x0800013e   Section        0  libinit2.o(.ARM.Collect$$libinit$$00000017)
    .ARM.Collect$$libinit$$00000019          0x0800013e   Section        0  libinit2.o(.ARM.Collect$$libinit$$00000019)
    .ARM.Collect$$libinit$$0000001B          0x0800013e   Section        0  libinit2.o(.ARM.Collect$$libinit$$0000001B)
    .ARM.Collect$$libinit$$0000001D          0x0800013e   Section        0  libinit2.o(.ARM.Collect$$libinit$$0000001D)
    .ARM.Collect$$libinit$$0000001F          0x0800013e   Section        0  libinit2.o(.ARM.Collect$$libinit$$0000001F)
    .ARM.Collect$$libinit$$00000021          0x0800013e   Section        0  libinit2.o(.ARM.Collect$$libinit$$00000021)
    .ARM.Collect$$libinit$$00000023          0x0800013e   Section        0  libinit2.o(.ARM.Collect$$libinit$$00000023)
    .ARM.Collect$$libinit$$00000025          0x0800013e   Section        0  libinit2.o(.ARM.Collect$$libinit$$00000025)
    .ARM.Collect$$libinit$$0000002C          0x0800013e   Section        0  libinit2.o(.ARM.Collect$$libinit$$0000002C)
    .ARM.Collect$$libinit$$0000002E          0x0800013e   Section        0  libinit2.o(.ARM.Collect$$libinit$$0000002E)
    .ARM.Collect$$libinit$$00000030          0x0800013e   Section        0  libinit2.o(.ARM.Collect$$libinit$$00000030)
    .ARM.Collect$$libinit$$00000032          0x0800013e   Section        0  libinit2.o(.ARM.Collect$$libinit$$00000032)
    .ARM.Collect$$libinit$$00000033          0x0800013e   Section        2  libinit2.o(.ARM.Collect$$libinit$$00000033)
    .ARM.Collect$$libshutdown$$00000000      0x08000140   Section        2  libshutdown.o(.ARM.Collect$$libshutdown$$00000000)
    .ARM.Collect$$libshutdown$$00000002      0x08000142   Section        0  libshutdown2.o(.ARM.Collect$$libshutdown$$00000002)
    .ARM.Collect$$libshutdown$$00000004      0x08000142   Section        0  libshutdown2.o(.ARM.Collect$$libshutdown$$00000004)
    .ARM.Collect$$libshutdown$$00000007      0x08000142   Section        0  libshutdown2.o(.ARM.Collect$$libshutdown$$00000007)
    .ARM.Collect$$libshutdown$$0000000A      0x08000142   Section        0  libshutdown2.o(.ARM.Collect$$libshutdown$$0000000A)
    .ARM.Collect$$libshutdown$$0000000C      0x08000142   Section        0  libshutdown2.o(.ARM.Collect$$libshutdown$$0000000C)
    .ARM.Collect$$libshutdown$$0000000F      0x08000142   Section        0  libshutdown2.o(.ARM.Collect$$libshutdown$$0000000F)
    .ARM.Collect$$libshutdown$$00000010      0x08000142   Section        2  libshutdown2.o(.ARM.Collect$$libshutdown$$00000010)
    .ARM.Collect$$rtentry$$00000000          0x08000144   Section        0  __rtentry.o(.ARM.Collect$$rtentry$$00000000)
    .ARM.Collect$$rtentry$$00000002          0x08000144   Section        0  __rtentry2.o(.ARM.Collect$$rtentry$$00000002)
    .ARM.Collect$$rtentry$$00000004          0x08000144   Section        6  __rtentry4.o(.ARM.Collect$$rtentry$$00000004)
    .ARM.Collect$$rtentry$$00000009          0x0800014a   Section        0  __rtentry2.o(.ARM.Collect$$rtentry$$00000009)
    .ARM.Collect$$rtentry$$0000000A          0x0800014a   Section        4  __rtentry2.o(.ARM.Collect$$rtentry$$0000000A)
    .ARM.Collect$$rtentry$$0000000C          0x0800014e   Section        0  __rtentry2.o(.ARM.Collect$$rtentry$$0000000C)
    .ARM.Collect$$rtentry$$0000000D          0x0800014e   Section        8  __rtentry2.o(.ARM.Collect$$rtentry$$0000000D)
    .ARM.Collect$$rtexit$$00000000           0x08000156   Section        2  rtexit.o(.ARM.Collect$$rtexit$$00000000)
    .ARM.Collect$$rtexit$$00000002           0x08000158   Section        0  rtexit2.o(.ARM.Collect$$rtexit$$00000002)
    .ARM.Collect$$rtexit$$00000003           0x08000158   Section        4  rtexit2.o(.ARM.Collect$$rtexit$$00000003)
    .ARM.Collect$$rtexit$$00000004           0x0800015c   Section        6  rtexit2.o(.ARM.Collect$$rtexit$$00000004)
    .text                                    0x08000164   Section       56  startup_stm32f072xb.o(.text)
    .text                                    0x0800019c   Section      346  aeabi_sdiv.o(.text)
    .text                                    0x080002f6   Section        0  heapauxi.o(.text)
    .text                                    0x080002fc   Section       62  sys_stackheap_outer.o(.text)
    .text                                    0x0800033a   Section        0  exit.o(.text)
    .text                                    0x0800034c   Section        8  libspace.o(.text)
    .text                                    0x08000354   Section        0  sys_exit.o(.text)
    .text                                    0x08000360   Section        2  use_no_semi.o(.text)
    .text                                    0x08000362   Section        0  indicate_semi.o(.text)
    i.ADC1_COMP_IRQHandler                   0x08000364   Section        0  adc.o(i.ADC1_COMP_IRQHandler)
    i.ADC_ChannelConfig                      0x080004d0   Section        0  stm32f0xx_adc.o(i.ADC_ChannelConfig)
    i.ADC_ClearITPendingBit                  0x080004da   Section        0  stm32f0xx_adc.o(i.ADC_ClearITPendingBit)
    i.ADC_Cmd                                0x080004de   Section        0  stm32f0xx_adc.o(i.ADC_Cmd)
    i.ADC_GetCalibrationFactor               0x080004f6   Section        0  stm32f0xx_adc.o(i.ADC_GetCalibrationFactor)
    i.ADC_GetFlagStatus                      0x08000524   Section        0  stm32f0xx_adc.o(i.ADC_GetFlagStatus)
    i.ADC_GetITStatus                        0x08000540   Section        0  stm32f0xx_adc.o(i.ADC_GetITStatus)
    i.ADC_ITConfig                           0x08000556   Section        0  stm32f0xx_adc.o(i.ADC_ITConfig)
    i.ADC_Init                               0x0800056c   Section        0  stm32f0xx_adc.o(i.ADC_Init)
    i.ADC_StartOfConversion                  0x08000598   Section        0  stm32f0xx_adc.o(i.ADC_StartOfConversion)
    i.ADC_StructInit                         0x080005a2   Section        0  stm32f0xx_adc.o(i.ADC_StructInit)
    i.CAN_ClearITPendingBit                  0x080005b4   Section        0  stm32f0xx_can.o(i.CAN_ClearITPendingBit)
    i.CAN_DeInit                             0x0800064c   Section        0  stm32f0xx_can.o(i.CAN_DeInit)
    i.CAN_FilterInit                         0x08000664   Section        0  stm32f0xx_can.o(i.CAN_FilterInit)
    i.CAN_GetITStatus                        0x0800071c   Section        0  stm32f0xx_can.o(i.CAN_GetITStatus)
    i.CAN_GetLastErrorCode                   0x08000814   Section        0  stm32f0xx_can.o(i.CAN_GetLastErrorCode)
    i.CAN_ITConfig                           0x0800081e   Section        0  stm32f0xx_can.o(i.CAN_ITConfig)
    i.CAN_Init                               0x08000834   Section        0  stm32f0xx_can.o(i.CAN_Init)
    i.CAN_Receive                            0x08000930   Section        0  stm32f0xx_can.o(i.CAN_Receive)
    i.CAN_Transmit                           0x080009ac   Section        0  stm32f0xx_can.o(i.CAN_Transmit)
    i.CEC_CAN_IRQHandler                     0x08000a58   Section        0  can.o(i.CEC_CAN_IRQHandler)
    i.CheckITStatus                          0x08000e48   Section        0  stm32f0xx_can.o(i.CheckITStatus)
    CheckITStatus                            0x08000e49   Thumb Code    12  stm32f0xx_can.o(i.CheckITStatus)
    i.GPIO_Init                              0x08000e54   Section        0  stm32f0xx_gpio.o(i.GPIO_Init)
    i.GPIO_PinAFConfig                       0x08000ec4   Section        0  stm32f0xx_gpio.o(i.GPIO_PinAFConfig)
    i.GPIO_ResetBits                         0x08000ee4   Section        0  stm32f0xx_gpio.o(i.GPIO_ResetBits)
    i.GPIO_SetBits                           0x08000ee8   Section        0  stm32f0xx_gpio.o(i.GPIO_SetBits)
    i.GPIO_StructInit                        0x08000eec   Section        0  stm32f0xx_gpio.o(i.GPIO_StructInit)
    i.IWDG_Enable                            0x08000f04   Section        0  stm32f0xx_iwdg.o(i.IWDG_Enable)
    i.IWDG_ReloadCounter                     0x08000f14   Section        0  stm32f0xx_iwdg.o(i.IWDG_ReloadCounter)
    i.IWDG_SetPrescaler                      0x08000f24   Section        0  stm32f0xx_iwdg.o(i.IWDG_SetPrescaler)
    i.IWDG_SetReload                         0x08000f30   Section        0  stm32f0xx_iwdg.o(i.IWDG_SetReload)
    i.IWDG_WriteAccessCmd                    0x08000f3c   Section        0  stm32f0xx_iwdg.o(i.IWDG_WriteAccessCmd)
    i.Init_ADC                               0x08000f48   Section        0  adc.o(i.Init_ADC)
    i.Init_CAN                               0x08000fb4   Section        0  can.o(i.Init_CAN)
    i.Init_GPIO                              0x0800108c   Section        0  gpio.o(i.Init_GPIO)
    i.Init_IWDG                              0x08001194   Section        0  rcc.o(i.Init_IWDG)
    i.Init_RCC                               0x080011c4   Section        0  rcc.o(i.Init_RCC)
    i.Init_SPI                               0x08001224   Section        0  gpio.o(i.Init_SPI)
    i.Init_Timer                             0x08001270   Section        0  timer.o(i.Init_Timer)
    i.NVIC_Init                              0x08001308   Section        0  stm32f0xx_misc.o(i.NVIC_Init)
    i.RCC_AHBPeriphClockCmd                  0x08001358   Section        0  stm32f0xx_rcc.o(i.RCC_AHBPeriphClockCmd)
    i.RCC_APB1PeriphClockCmd                 0x08001374   Section        0  stm32f0xx_rcc.o(i.RCC_APB1PeriphClockCmd)
    i.RCC_APB1PeriphResetCmd                 0x08001390   Section        0  stm32f0xx_rcc.o(i.RCC_APB1PeriphResetCmd)
    i.RCC_APB2PeriphClockCmd                 0x080013ac   Section        0  stm32f0xx_rcc.o(i.RCC_APB2PeriphClockCmd)
    i.SPI_Cmd                                0x080013c8   Section        0  stm32f0xx_spi.o(i.SPI_Cmd)
    i.SPI_I2S_GetFlagStatus                  0x080013de   Section        0  stm32f0xx_spi.o(i.SPI_I2S_GetFlagStatus)
    i.SPI_I2S_SendData16                     0x080013ec   Section        0  stm32f0xx_spi.o(i.SPI_I2S_SendData16)
    i.SPI_Init                               0x080013f0   Section        0  stm32f0xx_spi.o(i.SPI_Init)
    i.SPI_NSSInternalSoftwareConfig          0x08001444   Section        0  stm32f0xx_spi.o(i.SPI_NSSInternalSoftwareConfig)
    i.SetSysClock                            0x08001464   Section        0  system_stm32f0xx.o(i.SetSysClock)
    SetSysClock                              0x08001465   Thumb Code   148  system_stm32f0xx.o(i.SetSysClock)
    i.SystemInit                             0x08001500   Section        0  system_stm32f0xx.o(i.SystemInit)
    i.TIM14_IRQHandler                       0x08001560   Section        0  timer.o(i.TIM14_IRQHandler)
    i.TIM16_IRQHandler                       0x08001724   Section        0  timer.o(i.TIM16_IRQHandler)
    i.TIM17_IRQHandler                       0x08001fcc   Section        0  timer.o(i.TIM17_IRQHandler)
    i.flash_erase                            0x0800218c   Section        0  main.o(i.flash_erase)
    i.flash_prog_all                         0x080021d0   Section        0  main.o(i.flash_prog_all)
    i.main                                   0x080022a8   Section        0  main.o(i.main)
    i.out_config_convert                     0x08002468   Section        0  can.o(i.out_config_convert)
    .data                                    0x20000000   Section       12  main.o(.data)
    .data                                    0x2000000c   Section        1  main.o(.data)
    .data                                    0x2000000d   Section        1  main.o(.data)
    .data                                    0x2000000e   Section        1  main.o(.data)
    .data                                    0x2000000f   Section        1  main.o(.data)
    .data                                    0x20000010   Section        1  main.o(.data)
    .data                                    0x20000011   Section        1  main.o(.data)
    .data                                    0x20000012   Section        1  main.o(.data)
    .data                                    0x20000013   Section        1  main.o(.data)
    .data                                    0x20000014   Section        1  main.o(.data)
    .data                                    0x20000016   Section        2  main.o(.data)
    .data                                    0x20000018   Section        1  main.o(.data)
    .data                                    0x20000019   Section        1  main.o(.data)
    .data                                    0x2000001a   Section        1  main.o(.data)
    .data                                    0x2000001b   Section        1  main.o(.data)
    .data                                    0x2000001c   Section        1  main.o(.data)
    .data                                    0x2000001d   Section        1  main.o(.data)
    .data                                    0x2000001e   Section        1  main.o(.data)
    .data                                    0x20000020   Section        2  main.o(.data)
    .data                                    0x20000022   Section        1  main.o(.data)
    .data                                    0x20000023   Section        1  main.o(.data)
    .data                                    0x20000024   Section        1  main.o(.data)
    .data                                    0x20000025   Section        1  main.o(.data)
    .data                                    0x20000026   Section        1  main.o(.data)
    .data                                    0x20000028   Section        8  main.o(.data)
    .data                                    0x20000030   Section        3  main.o(.data)
    .data                                    0x20000033   Section        1  timer.o(.data)
    can_out_cnt                              0x20000033   Data           1  timer.o(.data)
    .bss                                     0x20000034   Section       10  main.o(.bss)
    .bss                                     0x2000003e   Section       16  main.o(.bss)
    .bss                                     0x20000050   Section       52  main.o(.bss)
    .bss                                     0x20000084   Section       24  main.o(.bss)
    .bss                                     0x2000009c   Section       12  main.o(.bss)
    .bss                                     0x200000a8   Section       14  main.o(.bss)
    .bss                                     0x200000b8   Section       96  libspace.o(.bss)
    HEAP                                     0x20000118   Section      512  startup_stm32f072xb.o(HEAP)
    Heap_Mem                                 0x20000118   Data         512  startup_stm32f072xb.o(HEAP)
    STACK                                    0x20000318   Section     1024  startup_stm32f072xb.o(STACK)
    Stack_Mem                                0x20000318   Data        1024  startup_stm32f072xb.o(STACK)
    __initial_sp                             0x20000718   Data           0  startup_stm32f072xb.o(STACK)

    Global Symbols

    Symbol Name                              Value     Ov Type        Size  Object(Section)

    BuildAttributes$$THM_ISAv3M$S$PE$A:L22$X:L11$S22$IEEE1$IW$USESV6$~STKCKD$USESV7$~SHL$OSPACE$ROPI$EBA8$UX$STANDARDLIB$REQ8$PRES8$EABIv2 0x00000000   Number         0  anon$$obj.o ABSOLUTE
    __ARM_use_no_argv                        0x00000000   Number         0  main.o ABSOLUTE
    __ARM_exceptions_init                     - Undefined Weak Reference
    __alloca_initialize                       - Undefined Weak Reference
    __arm_preinit_                            - Undefined Weak Reference
    __cpp_initialize__aeabi_                  - Undefined Weak Reference
    __cxa_finalize                            - Undefined Weak Reference
    __rt_locale                               - Undefined Weak Reference
    __sigvec_lookup                           - Undefined Weak Reference
    _atexit_init                              - Undefined Weak Reference
    _call_atexit_fns                          - Undefined Weak Reference
    _clock_init                               - Undefined Weak Reference
    _fp_trap_init                             - Undefined Weak Reference
    _fp_trap_shutdown                         - Undefined Weak Reference
    _get_lc_collate                           - Undefined Weak Reference
    _get_lc_ctype                             - Undefined Weak Reference
    _get_lc_monetary                          - Undefined Weak Reference
    _get_lc_numeric                           - Undefined Weak Reference
    _get_lc_time                              - Undefined Weak Reference
    _getenv_init                              - Undefined Weak Reference
    _handle_redirection                       - Undefined Weak Reference
    _init_alloc                               - Undefined Weak Reference
    _init_user_alloc                          - Undefined Weak Reference
    _initio                                   - Undefined Weak Reference
    _rand_init                                - Undefined Weak Reference
    _signal_finish                            - Undefined Weak Reference
    _signal_init                              - Undefined Weak Reference
    _terminate_alloc                          - Undefined Weak Reference
    _terminate_user_alloc                     - Undefined Weak Reference
    _terminateio                              - Undefined Weak Reference
    __Vectors_Size                           0x000000c0   Number         0  startup_stm32f072xb.o ABSOLUTE
    __Vectors                                0x08000000   Data           4  startup_stm32f072xb.o(RESET)
    __Vectors_End                            0x080000c0   Data           0  startup_stm32f072xb.o(RESET)
    __main                                   0x080000c1   Thumb Code     8  __main.o(!!!main)
    __scatterload                            0x080000c9   Thumb Code     0  __scatter.o(!!!scatter)
    __scatterload_rt2                        0x080000c9   Thumb Code    52  __scatter.o(!!!scatter)
    __scatterload_rt2_thumb_only             0x080000c9   Thumb Code     0  __scatter.o(!!!scatter)
    __scatterload_null                       0x080000d9   Thumb Code     0  __scatter.o(!!!scatter)
    __scatterload_copy                       0x08000105   Thumb Code    26  __scatter_copy.o(!!handler_copy)
    __scatterload_zeroinit                   0x08000121   Thumb Code    28  __scatter_zi.o(!!handler_zi)
    __rt_lib_init                            0x0800013d   Thumb Code     0  libinit.o(.ARM.Collect$$libinit$$00000000)
    __rt_lib_init_alloca_1                   0x0800013f   Thumb Code     0  libinit2.o(.ARM.Collect$$libinit$$0000002E)
    __rt_lib_init_argv_1                     0x0800013f   Thumb Code     0  libinit2.o(.ARM.Collect$$libinit$$0000002C)
    __rt_lib_init_atexit_1                   0x0800013f   Thumb Code     0  libinit2.o(.ARM.Collect$$libinit$$0000001B)
    __rt_lib_init_clock_1                    0x0800013f   Thumb Code     0  libinit2.o(.ARM.Collect$$libinit$$00000021)
    __rt_lib_init_cpp_1                      0x0800013f   Thumb Code     0  libinit2.o(.ARM.Collect$$libinit$$00000032)
    __rt_lib_init_exceptions_1               0x0800013f   Thumb Code     0  libinit2.o(.ARM.Collect$$libinit$$00000030)
    __rt_lib_init_fp_1                       0x0800013f   Thumb Code     0  libinit2.o(.ARM.Collect$$libinit$$00000002)
    __rt_lib_init_fp_trap_1                  0x0800013f   Thumb Code     0  libinit2.o(.ARM.Collect$$libinit$$0000001F)
    __rt_lib_init_getenv_1                   0x0800013f   Thumb Code     0  libinit2.o(.ARM.Collect$$libinit$$00000023)
    __rt_lib_init_heap_1                     0x0800013f   Thumb Code     0  libinit2.o(.ARM.Collect$$libinit$$0000000A)
    __rt_lib_init_lc_collate_1               0x0800013f   Thumb Code     0  libinit2.o(.ARM.Collect$$libinit$$00000011)
    __rt_lib_init_lc_ctype_1                 0x0800013f   Thumb Code     0  libinit2.o(.ARM.Collect$$libinit$$00000013)
    __rt_lib_init_lc_monetary_1              0x0800013f   Thumb Code     0  libinit2.o(.ARM.Collect$$libinit$$00000015)
    __rt_lib_init_lc_numeric_1               0x0800013f   Thumb Code     0  libinit2.o(.ARM.Collect$$libinit$$00000017)
    __rt_lib_init_lc_time_1                  0x0800013f   Thumb Code     0  libinit2.o(.ARM.Collect$$libinit$$00000019)
    __rt_lib_init_preinit_1                  0x0800013f   Thumb Code     0  libinit2.o(.ARM.Collect$$libinit$$00000004)
    __rt_lib_init_rand_1                     0x0800013f   Thumb Code     0  libinit2.o(.ARM.Collect$$libinit$$0000000E)
    __rt_lib_init_return                     0x0800013f   Thumb Code     0  libinit2.o(.ARM.Collect$$libinit$$00000033)
    __rt_lib_init_signal_1                   0x0800013f   Thumb Code     0  libinit2.o(.ARM.Collect$$libinit$$0000001D)
    __rt_lib_init_stdio_1                    0x0800013f   Thumb Code     0  libinit2.o(.ARM.Collect$$libinit$$00000025)
    __rt_lib_init_user_alloc_1               0x0800013f   Thumb Code     0  libinit2.o(.ARM.Collect$$libinit$$0000000C)
    __rt_lib_shutdown                        0x08000141   Thumb Code     0  libshutdown.o(.ARM.Collect$$libshutdown$$00000000)
    __rt_lib_shutdown_cpp_1                  0x08000143   Thumb Code     0  libshutdown2.o(.ARM.Collect$$libshutdown$$00000002)
    __rt_lib_shutdown_fp_trap_1              0x08000143   Thumb Code     0  libshutdown2.o(.ARM.Collect$$libshutdown$$00000007)
    __rt_lib_shutdown_heap_1                 0x08000143   Thumb Code     0  libshutdown2.o(.ARM.Collect$$libshutdown$$0000000F)
    __rt_lib_shutdown_return                 0x08000143   Thumb Code     0  libshutdown2.o(.ARM.Collect$$libshutdown$$00000010)
    __rt_lib_shutdown_signal_1               0x08000143   Thumb Code     0  libshutdown2.o(.ARM.Collect$$libshutdown$$0000000A)
    __rt_lib_shutdown_stdio_1                0x08000143   Thumb Code     0  libshutdown2.o(.ARM.Collect$$libshutdown$$00000004)
    __rt_lib_shutdown_user_alloc_1           0x08000143   Thumb Code     0  libshutdown2.o(.ARM.Collect$$libshutdown$$0000000C)
    __rt_entry                               0x08000145   Thumb Code     0  __rtentry.o(.ARM.Collect$$rtentry$$00000000)
    __rt_entry_presh_1                       0x08000145   Thumb Code     0  __rtentry2.o(.ARM.Collect$$rtentry$$00000002)
    __rt_entry_sh                            0x08000145   Thumb Code     0  __rtentry4.o(.ARM.Collect$$rtentry$$00000004)
    __rt_entry_li                            0x0800014b   Thumb Code     0  __rtentry2.o(.ARM.Collect$$rtentry$$0000000A)
    __rt_entry_postsh_1                      0x0800014b   Thumb Code     0  __rtentry2.o(.ARM.Collect$$rtentry$$00000009)
    __rt_entry_main                          0x0800014f   Thumb Code     0  __rtentry2.o(.ARM.Collect$$rtentry$$0000000D)
    __rt_entry_postli_1                      0x0800014f   Thumb Code     0  __rtentry2.o(.ARM.Collect$$rtentry$$0000000C)
    __rt_exit                                0x08000157   Thumb Code     0  rtexit.o(.ARM.Collect$$rtexit$$00000000)
    __rt_exit_ls                             0x08000159   Thumb Code     0  rtexit2.o(.ARM.Collect$$rtexit$$00000003)
    __rt_exit_prels_1                        0x08000159   Thumb Code     0  rtexit2.o(.ARM.Collect$$rtexit$$00000002)
    __rt_exit_exit                           0x0800015d   Thumb Code     0  rtexit2.o(.ARM.Collect$$rtexit$$00000004)
    Reset_Handler                            0x08000165   Thumb Code     8  startup_stm32f072xb.o(.text)
    NMI_Handler                              0x0800016d   Thumb Code     2  startup_stm32f072xb.o(.text)
    HardFault_Handler                        0x0800016f   Thumb Code     2  startup_stm32f072xb.o(.text)
    SVC_Handler                              0x08000171   Thumb Code     2  startup_stm32f072xb.o(.text)
    PendSV_Handler                           0x08000173   Thumb Code     2  startup_stm32f072xb.o(.text)
    SysTick_Handler                          0x08000175   Thumb Code     2  startup_stm32f072xb.o(.text)
    DMA1_Channel1_IRQHandler                 0x08000177   Thumb Code     0  startup_stm32f072xb.o(.text)
    DMA1_Channel2_3_IRQHandler               0x08000177   Thumb Code     0  startup_stm32f072xb.o(.text)
    DMA1_Channel4_5_6_7_IRQHandler           0x08000177   Thumb Code     0  startup_stm32f072xb.o(.text)
    EXTI0_1_IRQHandler                       0x08000177   Thumb Code     0  startup_stm32f072xb.o(.text)
    EXTI2_3_IRQHandler                       0x08000177   Thumb Code     0  startup_stm32f072xb.o(.text)
    EXTI4_15_IRQHandler                      0x08000177   Thumb Code     0  startup_stm32f072xb.o(.text)
    FLASH_IRQHandler                         0x08000177   Thumb Code     0  startup_stm32f072xb.o(.text)
    I2C1_IRQHandler                          0x08000177   Thumb Code     0  startup_stm32f072xb.o(.text)
    I2C2_IRQHandler                          0x08000177   Thumb Code     0  startup_stm32f072xb.o(.text)
    PVD_VDDIO2_IRQHandler                    0x08000177   Thumb Code     0  startup_stm32f072xb.o(.text)
    RCC_CRS_IRQHandler                       0x08000177   Thumb Code     0  startup_stm32f072xb.o(.text)
    RTC_IRQHandler                           0x08000177   Thumb Code     0  startup_stm32f072xb.o(.text)
    SPI1_IRQHandler                          0x08000177   Thumb Code     0  startup_stm32f072xb.o(.text)
    SPI2_IRQHandler                          0x08000177   Thumb Code     0  startup_stm32f072xb.o(.text)
    TIM15_IRQHandler                         0x08000177   Thumb Code     0  startup_stm32f072xb.o(.text)
    TIM1_BRK_UP_TRG_COM_IRQHandler           0x08000177   Thumb Code     0  startup_stm32f072xb.o(.text)
    TIM1_CC_IRQHandler                       0x08000177   Thumb Code     0  startup_stm32f072xb.o(.text)
    TIM2_IRQHandler                          0x08000177   Thumb Code     0  startup_stm32f072xb.o(.text)
    TIM3_IRQHandler                          0x08000177   Thumb Code     0  startup_stm32f072xb.o(.text)
    TIM6_DAC_IRQHandler                      0x08000177   Thumb Code     0  startup_stm32f072xb.o(.text)
    TIM7_IRQHandler                          0x08000177   Thumb Code     0  startup_stm32f072xb.o(.text)
    TSC_IRQHandler                           0x08000177   Thumb Code     0  startup_stm32f072xb.o(.text)
    USART1_IRQHandler                        0x08000177   Thumb Code     0  startup_stm32f072xb.o(.text)
    USART2_IRQHandler                        0x08000177   Thumb Code     0  startup_stm32f072xb.o(.text)
    USART3_4_IRQHandler                      0x08000177   Thumb Code     0  startup_stm32f072xb.o(.text)
    USB_IRQHandler                           0x08000177   Thumb Code     0  startup_stm32f072xb.o(.text)
    WWDG_IRQHandler                          0x08000177   Thumb Code     0  startup_stm32f072xb.o(.text)
    __user_initial_stackheap                 0x08000179   Thumb Code     0  startup_stm32f072xb.o(.text)
    __aeabi_uidiv                            0x0800019d   Thumb Code     0  aeabi_sdiv.o(.text)
    __aeabi_uidivmod                         0x0800019d   Thumb Code    20  aeabi_sdiv.o(.text)
    __aeabi_idiv                             0x080001b1   Thumb Code     0  aeabi_sdiv.o(.text)
    __aeabi_idivmod                          0x080001b1   Thumb Code   326  aeabi_sdiv.o(.text)
    __use_two_region_memory                  0x080002f7   Thumb Code     2  heapauxi.o(.text)
    __rt_heap_escrow$2region                 0x080002f9   Thumb Code     2  heapauxi.o(.text)
    __rt_heap_expand$2region                 0x080002fb   Thumb Code     2  heapauxi.o(.text)
    __user_setup_stackheap                   0x080002fd   Thumb Code    62  sys_stackheap_outer.o(.text)
    exit                                     0x0800033b   Thumb Code    16  exit.o(.text)
    __user_libspace                          0x0800034d   Thumb Code     8  libspace.o(.text)
    __user_perproc_libspace                  0x0800034d   Thumb Code     0  libspace.o(.text)
    __user_perthread_libspace                0x0800034d   Thumb Code     0  libspace.o(.text)
    _sys_exit                                0x08000355   Thumb Code     8  sys_exit.o(.text)
    __I$use$semihosting                      0x08000361   Thumb Code     0  use_no_semi.o(.text)
    __use_no_semihosting_swi                 0x08000361   Thumb Code     2  use_no_semi.o(.text)
    __semihosting_library_function           0x08000363   Thumb Code     0  indicate_semi.o(.text)
    ADC1_COMP_IRQHandler                     0x08000365   Thumb Code   348  adc.o(i.ADC1_COMP_IRQHandler)
    ADC_ChannelConfig                        0x080004d1   Thumb Code    10  stm32f0xx_adc.o(i.ADC_ChannelConfig)
    ADC_ClearITPendingBit                    0x080004db   Thumb Code     4  stm32f0xx_adc.o(i.ADC_ClearITPendingBit)
    ADC_Cmd                                  0x080004df   Thumb Code    24  stm32f0xx_adc.o(i.ADC_Cmd)
    ADC_GetCalibrationFactor                 0x080004f7   Thumb Code    46  stm32f0xx_adc.o(i.ADC_GetCalibrationFactor)
    ADC_GetFlagStatus                        0x08000525   Thumb Code    28  stm32f0xx_adc.o(i.ADC_GetFlagStatus)
    ADC_GetITStatus                          0x08000541   Thumb Code    22  stm32f0xx_adc.o(i.ADC_GetITStatus)
    ADC_ITConfig                             0x08000557   Thumb Code    20  stm32f0xx_adc.o(i.ADC_ITConfig)
    ADC_Init                                 0x0800056d   Thumb Code    38  stm32f0xx_adc.o(i.ADC_Init)
    ADC_StartOfConversion                    0x08000599   Thumb Code    10  stm32f0xx_adc.o(i.ADC_StartOfConversion)
    ADC_StructInit                           0x080005a3   Thumb Code    16  stm32f0xx_adc.o(i.ADC_StructInit)
    CAN_ClearITPendingBit                    0x080005b5   Thumb Code   148  stm32f0xx_can.o(i.CAN_ClearITPendingBit)
    CAN_DeInit                               0x0800064d   Thumb Code    22  stm32f0xx_can.o(i.CAN_DeInit)
    CAN_FilterInit                           0x08000665   Thumb Code   180  stm32f0xx_can.o(i.CAN_FilterInit)
    CAN_GetITStatus                          0x0800071d   Thumb Code   244  stm32f0xx_can.o(i.CAN_GetITStatus)
    CAN_GetLastErrorCode                     0x08000815   Thumb Code    10  stm32f0xx_can.o(i.CAN_GetLastErrorCode)
    CAN_ITConfig                             0x0800081f   Thumb Code    20  stm32f0xx_can.o(i.CAN_ITConfig)
    CAN_Init                                 0x08000835   Thumb Code   246  stm32f0xx_can.o(i.CAN_Init)
    CAN_Receive                              0x08000931   Thumb Code   124  stm32f0xx_can.o(i.CAN_Receive)
    CAN_Transmit                             0x080009ad   Thumb Code   170  stm32f0xx_can.o(i.CAN_Transmit)
    CEC_CAN_IRQHandler                       0x08000a59   Thumb Code   916  can.o(i.CEC_CAN_IRQHandler)
    GPIO_Init                                0x08000e55   Thumb Code   112  stm32f0xx_gpio.o(i.GPIO_Init)
    GPIO_PinAFConfig                         0x08000ec5   Thumb Code    32  stm32f0xx_gpio.o(i.GPIO_PinAFConfig)
    GPIO_ResetBits                           0x08000ee5   Thumb Code     4  stm32f0xx_gpio.o(i.GPIO_ResetBits)
    GPIO_SetBits                             0x08000ee9   Thumb Code     4  stm32f0xx_gpio.o(i.GPIO_SetBits)
    GPIO_StructInit                          0x08000eed   Thumb Code    18  stm32f0xx_gpio.o(i.GPIO_StructInit)
    IWDG_Enable                              0x08000f05   Thumb Code     8  stm32f0xx_iwdg.o(i.IWDG_Enable)
    IWDG_ReloadCounter                       0x08000f15   Thumb Code     8  stm32f0xx_iwdg.o(i.IWDG_ReloadCounter)
    IWDG_SetPrescaler                        0x08000f25   Thumb Code     6  stm32f0xx_iwdg.o(i.IWDG_SetPrescaler)
    IWDG_SetReload                           0x08000f31   Thumb Code     6  stm32f0xx_iwdg.o(i.IWDG_SetReload)
    IWDG_WriteAccessCmd                      0x08000f3d   Thumb Code     6  stm32f0xx_iwdg.o(i.IWDG_WriteAccessCmd)
    Init_ADC                                 0x08000f49   Thumb Code    94  adc.o(i.Init_ADC)
    Init_CAN                                 0x08000fb5   Thumb Code   198  can.o(i.Init_CAN)
    Init_GPIO                                0x0800108d   Thumb Code   230  gpio.o(i.Init_GPIO)
    Init_IWDG                                0x08001195   Thumb Code    40  rcc.o(i.Init_IWDG)
    Init_RCC                                 0x080011c5   Thumb Code    96  rcc.o(i.Init_RCC)
    Init_SPI                                 0x08001225   Thumb Code    72  gpio.o(i.Init_SPI)
    Init_Timer                               0x08001271   Thumb Code   130  timer.o(i.Init_Timer)
    NVIC_Init                                0x08001309   Thumb Code    72  stm32f0xx_misc.o(i.NVIC_Init)
    RCC_AHBPeriphClockCmd                    0x08001359   Thumb Code    22  stm32f0xx_rcc.o(i.RCC_AHBPeriphClockCmd)
    RCC_APB1PeriphClockCmd                   0x08001375   Thumb Code    22  stm32f0xx_rcc.o(i.RCC_APB1PeriphClockCmd)
    RCC_APB1PeriphResetCmd                   0x08001391   Thumb Code    22  stm32f0xx_rcc.o(i.RCC_APB1PeriphResetCmd)
    RCC_APB2PeriphClockCmd                   0x080013ad   Thumb Code    22  stm32f0xx_rcc.o(i.RCC_APB2PeriphClockCmd)
    SPI_Cmd                                  0x080013c9   Thumb Code    22  stm32f0xx_spi.o(i.SPI_Cmd)
    SPI_I2S_GetFlagStatus                    0x080013df   Thumb Code    14  stm32f0xx_spi.o(i.SPI_I2S_GetFlagStatus)
    SPI_I2S_SendData16                       0x080013ed   Thumb Code     4  stm32f0xx_spi.o(i.SPI_I2S_SendData16)
    SPI_Init                                 0x080013f1   Thumb Code    74  stm32f0xx_spi.o(i.SPI_Init)
    SPI_NSSInternalSoftwareConfig            0x08001445   Thumb Code    26  stm32f0xx_spi.o(i.SPI_NSSInternalSoftwareConfig)
    SystemInit                               0x08001501   Thumb Code    84  system_stm32f0xx.o(i.SystemInit)
    TIM14_IRQHandler                         0x08001561   Thumb Code   414  timer.o(i.TIM14_IRQHandler)
    TIM16_IRQHandler                         0x08001725   Thumb Code  2216  timer.o(i.TIM16_IRQHandler)
    TIM17_IRQHandler                         0x08001fcd   Thumb Code   374  timer.o(i.TIM17_IRQHandler)
    flash_erase                              0x0800218d   Thumb Code    58  main.o(i.flash_erase)
    flash_prog_all                           0x080021d1   Thumb Code   198  main.o(i.flash_prog_all)
    main                                     0x080022a9   Thumb Code   410  main.o(i.main)
    out_config_convert                       0x08002469   Thumb Code    18  can.o(i.out_config_convert)
    Region$$Table$$Base                      0x0800247c   Number         0  anon$$obj.o(Region$$Table)
    Region$$Table$$Limit                     0x0800249c   Number         0  anon$$obj.o(Region$$Table)
    is_idle                                  0x20000000   Data           1  main.o(.data)
    pto_address                              0x20000001   Data           1  main.o(.data)
    button_mask                              0x20000002   Data           1  main.o(.data)
    input_config                             0x20000003   Data           1  main.o(.data)
    out1_config                              0x20000004   Data           1  main.o(.data)
    out2_config                              0x20000005   Data           1  main.o(.data)
    out3_config                              0x20000006   Data           1  main.o(.data)
    out4_config                              0x20000007   Data           1  main.o(.data)
    out5_config                              0x20000008   Data           1  main.o(.data)
    to_revs                                  0x2000000a   Data           2  main.o(.data)
    left                                     0x2000000c   Data           1  main.o(.data)
    right                                    0x2000000d   Data           1  main.o(.data)
    is_stop                                  0x2000000e   Data           1  main.o(.data)
    power_up                                 0x2000000f   Data           1  main.o(.data)
    morg                                     0x20000010   Data           1  main.o(.data)
    can_on                                   0x20000011   Data           1  main.o(.data)
    can_cnt                                  0x20000012   Data           1  main.o(.data)
    w_morg                                   0x20000013   Data           1  main.o(.data)
    f_morg                                   0x20000014   Data           1  main.o(.data)
    rpm                                      0x20000016   Data           2  main.o(.data)
    oil                                      0x20000018   Data           1  main.o(.data)
    temper                                   0x20000019   Data           1  main.o(.data)
    light_buf                                0x2000001a   Data           1  main.o(.data)
    ignition                                 0x2000001b   Data           1  main.o(.data)
    inputs                                   0x2000001c   Data           1  main.o(.data)
    blink_cnt                                0x2000001d   Data           1  main.o(.data)
    blink                                    0x2000001e   Data           1  main.o(.data)
    butt                                     0x20000020   Data           2  main.o(.data)
    pwm_count                                0x20000022   Data           1  main.o(.data)
    buttons                                  0x20000023   Data           1  main.o(.data)
    buttons_out                              0x20000024   Data           1  main.o(.data)
    light_mask                               0x20000025   Data           1  main.o(.data)
    bkg                                      0x20000026   Data           1  main.o(.data)
    GPIO_InitStructure                       0x20000028   Data           8  main.o(.data)
    NVIC_InitStructure                       0x20000030   Data           3  main.o(.data)
    butt_b                                   0x20000034   Data          10  main.o(.bss)
    ind_b                                    0x2000003e   Data          16  main.o(.bss)
    water                                    0x20000050   Data          16  main.o(.bss)
    foam                                     0x20000060   Data          16  main.o(.bss)
    TxMessage                                0x20000070   Data          20  main.o(.bss)
    ADC_InitStructure                        0x20000084   Data          24  main.o(.bss)
    CAN_InitStructure                        0x2000009c   Data          12  main.o(.bss)
    CAN_FilterInitStructure                  0x200000a8   Data          14  main.o(.bss)
    __libspace_start                         0x200000b8   Data          96  libspace.o(.bss)
    __temporary_stack_top$libspace           0x20000118   Data           0  libspace.o(.bss)



==============================================================================

Memory Map of the image

  Image Entry point : 0x08000165

  Load Region LR_1 (Base: 0x08000000, Size: 0x000024d0, Max: 0xffffffff, ABSOLUTE)

    Execution Region ER_RO (Exec base: 0x08000000, Load base: 0x08000000, Size: 0x0000249c, Max: 0xffffffff, ABSOLUTE)

    Exec Addr    Load Addr    Size         Type   Attr      Idx    E Section Name        Object

    0x08000000   0x08000000   0x000000c0   Data   RO         1298    RESET               startup_stm32f072xb.o
    0x080000c0   0x080000c0   0x00000008   Code   RO         1348  * !!!main             c_p.l(__main.o)
    0x080000c8   0x080000c8   0x0000003c   Code   RO         1517    !!!scatter          c_p.l(__scatter.o)
    0x08000104   0x08000104   0x0000001a   Code   RO         1519    !!handler_copy      c_p.l(__scatter_copy.o)
    0x0800011e   0x0800011e   0x00000002   PAD
    0x08000120   0x08000120   0x0000001c   Code   RO         1521    !!handler_zi        c_p.l(__scatter_zi.o)
    0x0800013c   0x0800013c   0x00000002   Code   RO         1386    .ARM.Collect$$libinit$$00000000  c_p.l(libinit.o)
    0x0800013e   0x0800013e   0x00000000   Code   RO         1400    .ARM.Collect$$libinit$$00000002  c_p.l(libinit2.o)
    0x0800013e   0x0800013e   0x00000000   Code   RO         1402    .ARM.Collect$$libinit$$00000004  c_p.l(libinit2.o)
    0x0800013e   0x0800013e   0x00000000   Code   RO         1405    .ARM.Collect$$libinit$$0000000A  c_p.l(libinit2.o)
    0x0800013e   0x0800013e   0x00000000   Code   RO         1407    .ARM.Collect$$libinit$$0000000C  c_p.l(libinit2.o)
    0x0800013e   0x0800013e   0x00000000   Code   RO         1409    .ARM.Collect$$libinit$$0000000E  c_p.l(libinit2.o)
    0x0800013e   0x0800013e   0x00000000   Code   RO         1412    .ARM.Collect$$libinit$$00000011  c_p.l(libinit2.o)
    0x0800013e   0x0800013e   0x00000000   Code   RO         1414    .ARM.Collect$$libinit$$00000013  c_p.l(libinit2.o)
    0x0800013e   0x0800013e   0x00000000   Code   RO         1416    .ARM.Collect$$libinit$$00000015  c_p.l(libinit2.o)
    0x0800013e   0x0800013e   0x00000000   Code   RO         1418    .ARM.Collect$$libinit$$00000017  c_p.l(libinit2.o)
    0x0800013e   0x0800013e   0x00000000   Code   RO         1420    .ARM.Collect$$libinit$$00000019  c_p.l(libinit2.o)
    0x0800013e   0x0800013e   0x00000000   Code   RO         1422    .ARM.Collect$$libinit$$0000001B  c_p.l(libinit2.o)
    0x0800013e   0x0800013e   0x00000000   Code   RO         1424    .ARM.Collect$$libinit$$0000001D  c_p.l(libinit2.o)
    0x0800013e   0x0800013e   0x00000000   Code   RO         1426    .ARM.Collect$$libinit$$0000001F  c_p.l(libinit2.o)
    0x0800013e   0x0800013e   0x00000000   Code   RO         1428    .ARM.Collect$$libinit$$00000021  c_p.l(libinit2.o)
    0x0800013e   0x0800013e   0x00000000   Code   RO         1430    .ARM.Collect$$libinit$$00000023  c_p.l(libinit2.o)
    0x0800013e   0x0800013e   0x00000000   Code   RO         1432    .ARM.Collect$$libinit$$00000025  c_p.l(libinit2.o)
    0x0800013e   0x0800013e   0x00000000   Code   RO         1436    .ARM.Collect$$libinit$$0000002C  c_p.l(libinit2.o)
    0x0800013e   0x0800013e   0x00000000   Code   RO         1438    .ARM.Collect$$libinit$$0000002E  c_p.l(libinit2.o)
    0x0800013e   0x0800013e   0x00000000   Code   RO         1440    .ARM.Collect$$libinit$$00000030  c_p.l(libinit2.o)
    0x0800013e   0x0800013e   0x00000000   Code   RO         1442    .ARM.Collect$$libinit$$00000032  c_p.l(libinit2.o)
    0x0800013e   0x0800013e   0x00000002   Code   RO         1443    .ARM.Collect$$libinit$$00000033  c_p.l(libinit2.o)
    0x08000140   0x08000140   0x00000002   Code   RO         1474    .ARM.Collect$$libshutdown$$00000000  c_p.l(libshutdown.o)
    0x08000142   0x08000142   0x00000000   Code   RO         1500    .ARM.Collect$$libshutdown$$00000002  c_p.l(libshutdown2.o)
    0x08000142   0x08000142   0x00000000   Code   RO         1502    .ARM.Collect$$libshutdown$$00000004  c_p.l(libshutdown2.o)
    0x08000142   0x08000142   0x00000000   Code   RO         1505    .ARM.Collect$$libshutdown$$00000007  c_p.l(libshutdown2.o)
    0x08000142   0x08000142   0x00000000   Code   RO         1508    .ARM.Collect$$libshutdown$$0000000A  c_p.l(libshutdown2.o)
    0x08000142   0x08000142   0x00000000   Code   RO         1510    .ARM.Collect$$libshutdown$$0000000C  c_p.l(libshutdown2.o)
    0x08000142   0x08000142   0x00000000   Code   RO         1513    .ARM.Collect$$libshutdown$$0000000F  c_p.l(libshutdown2.o)
    0x08000142   0x08000142   0x00000002   Code   RO         1514    .ARM.Collect$$libshutdown$$00000010  c_p.l(libshutdown2.o)
    0x08000144   0x08000144   0x00000000   Code   RO         1350    .ARM.Collect$$rtentry$$00000000  c_p.l(__rtentry.o)
    0x08000144   0x08000144   0x00000000   Code   RO         1356    .ARM.Collect$$rtentry$$00000002  c_p.l(__rtentry2.o)
    0x08000144   0x08000144   0x00000006   Code   RO         1368    .ARM.Collect$$rtentry$$00000004  c_p.l(__rtentry4.o)
    0x0800014a   0x0800014a   0x00000000   Code   RO         1358    .ARM.Collect$$rtentry$$00000009  c_p.l(__rtentry2.o)
    0x0800014a   0x0800014a   0x00000004   Code   RO         1359    .ARM.Collect$$rtentry$$0000000A  c_p.l(__rtentry2.o)
    0x0800014e   0x0800014e   0x00000000   Code   RO         1361    .ARM.Collect$$rtentry$$0000000C  c_p.l(__rtentry2.o)
    0x0800014e   0x0800014e   0x00000008   Code   RO         1362    .ARM.Collect$$rtentry$$0000000D  c_p.l(__rtentry2.o)
    0x08000156   0x08000156   0x00000002   Code   RO         1391    .ARM.Collect$$rtexit$$00000000  c_p.l(rtexit.o)
    0x08000158   0x08000158   0x00000000   Code   RO         1447    .ARM.Collect$$rtexit$$00000002  c_p.l(rtexit2.o)
    0x08000158   0x08000158   0x00000004   Code   RO         1448    .ARM.Collect$$rtexit$$00000003  c_p.l(rtexit2.o)
    0x0800015c   0x0800015c   0x00000006   Code   RO         1449    .ARM.Collect$$rtexit$$00000004  c_p.l(rtexit2.o)
    0x08000162   0x08000162   0x00000002   PAD
    0x08000164   0x08000164   0x00000038   Code   RO         1299  * .text               startup_stm32f072xb.o
    0x0800019c   0x0800019c   0x0000015a   Code   RO         1342    .text               c_p.l(aeabi_sdiv.o)
    0x080002f6   0x080002f6   0x00000006   Code   RO         1346    .text               c_p.l(heapauxi.o)
    0x080002fc   0x080002fc   0x0000003e   Code   RO         1372    .text               c_p.l(sys_stackheap_outer.o)
    0x0800033a   0x0800033a   0x00000010   Code   RO         1375    .text               c_p.l(exit.o)
    0x0800034a   0x0800034a   0x00000002   PAD
    0x0800034c   0x0800034c   0x00000008   Code   RO         1387    .text               c_p.l(libspace.o)
    0x08000354   0x08000354   0x0000000c   Code   RO         1444    .text               c_p.l(sys_exit.o)
    0x08000360   0x08000360   0x00000002   Code   RO         1463    .text               c_p.l(use_no_semi.o)
    0x08000362   0x08000362   0x00000000   Code   RO         1465    .text               c_p.l(indicate_semi.o)
    0x08000362   0x08000362   0x00000002   PAD
    0x08000364   0x08000364   0x0000016c   Code   RO            3    i.ADC1_COMP_IRQHandler  adc.o
    0x080004d0   0x080004d0   0x0000000a   Code   RO          310    i.ADC_ChannelConfig  stm32f0xx_adc.o
    0x080004da   0x080004da   0x00000004   Code   RO          312    i.ADC_ClearITPendingBit  stm32f0xx_adc.o
    0x080004de   0x080004de   0x00000018   Code   RO          313    i.ADC_Cmd           stm32f0xx_adc.o
    0x080004f6   0x080004f6   0x0000002e   Code   RO          319    i.ADC_GetCalibrationFactor  stm32f0xx_adc.o
    0x08000524   0x08000524   0x0000001c   Code   RO          321    i.ADC_GetFlagStatus  stm32f0xx_adc.o
    0x08000540   0x08000540   0x00000016   Code   RO          322    i.ADC_GetITStatus   stm32f0xx_adc.o
    0x08000556   0x08000556   0x00000014   Code   RO          323    i.ADC_ITConfig      stm32f0xx_adc.o
    0x0800056a   0x0800056a   0x00000002   PAD
    0x0800056c   0x0800056c   0x0000002c   Code   RO          324    i.ADC_Init          stm32f0xx_adc.o
    0x08000598   0x08000598   0x0000000a   Code   RO          327    i.ADC_StartOfConversion  stm32f0xx_adc.o
    0x080005a2   0x080005a2   0x00000010   Code   RO          329    i.ADC_StructInit    stm32f0xx_adc.o
    0x080005b2   0x080005b2   0x00000002   PAD
    0x080005b4   0x080005b4   0x00000098   Code   RO          495    i.CAN_ClearITPendingBit  stm32f0xx_can.o
    0x0800064c   0x0800064c   0x00000016   Code   RO          497    i.CAN_DeInit        stm32f0xx_can.o
    0x08000662   0x08000662   0x00000002   PAD
    0x08000664   0x08000664   0x000000b8   Code   RO          499    i.CAN_FilterInit    stm32f0xx_can.o
    0x0800071c   0x0800071c   0x000000f8   Code   RO          501    i.CAN_GetITStatus   stm32f0xx_can.o
    0x08000814   0x08000814   0x0000000a   Code   RO          503    i.CAN_GetLastErrorCode  stm32f0xx_can.o
    0x0800081e   0x0800081e   0x00000014   Code   RO          505    i.CAN_ITConfig      stm32f0xx_can.o
    0x08000832   0x08000832   0x00000002   PAD
    0x08000834   0x08000834   0x000000fc   Code   RO          506    i.CAN_Init          stm32f0xx_can.o
    0x08000930   0x08000930   0x0000007c   Code   RO          509    i.CAN_Receive       stm32f0xx_can.o
    0x080009ac   0x080009ac   0x000000aa   Code   RO          514    i.CAN_Transmit      stm32f0xx_can.o
    0x08000a56   0x08000a56   0x00000002   PAD
    0x08000a58   0x08000a58   0x000003f0   Code   RO           97    i.CEC_CAN_IRQHandler  can.o
    0x08000e48   0x08000e48   0x0000000c   Code   RO          517    i.CheckITStatus     stm32f0xx_can.o
    0x08000e54   0x08000e54   0x00000070   Code   RO          657    i.GPIO_Init         stm32f0xx_gpio.o
    0x08000ec4   0x08000ec4   0x00000020   Code   RO          658    i.GPIO_PinAFConfig  stm32f0xx_gpio.o
    0x08000ee4   0x08000ee4   0x00000004   Code   RO          664    i.GPIO_ResetBits    stm32f0xx_gpio.o
    0x08000ee8   0x08000ee8   0x00000004   Code   RO          665    i.GPIO_SetBits      stm32f0xx_gpio.o
    0x08000eec   0x08000eec   0x00000018   Code   RO          666    i.GPIO_StructInit   stm32f0xx_gpio.o
    0x08000f04   0x08000f04   0x00000010   Code   RO          748    i.IWDG_Enable       stm32f0xx_iwdg.o
    0x08000f14   0x08000f14   0x00000010   Code   RO          750    i.IWDG_ReloadCounter  stm32f0xx_iwdg.o
    0x08000f24   0x08000f24   0x0000000c   Code   RO          751    i.IWDG_SetPrescaler  stm32f0xx_iwdg.o
    0x08000f30   0x08000f30   0x0000000c   Code   RO          752    i.IWDG_SetReload    stm32f0xx_iwdg.o
    0x08000f3c   0x08000f3c   0x0000000c   Code   RO          754    i.IWDG_WriteAccessCmd  stm32f0xx_iwdg.o
    0x08000f48   0x08000f48   0x0000006c   Code   RO            4    i.Init_ADC          adc.o
    0x08000fb4   0x08000fb4   0x000000d8   Code   RO           98    i.Init_CAN          can.o
    0x0800108c   0x0800108c   0x00000108   Code   RO          129    i.Init_GPIO         gpio.o
    0x08001194   0x08001194   0x00000030   Code   RO          228    i.Init_IWDG         rcc.o
    0x080011c4   0x080011c4   0x00000060   Code   RO          229    i.Init_RCC          rcc.o
    0x08001224   0x08001224   0x0000004c   Code   RO          130    i.Init_SPI          gpio.o
    0x08001270   0x08001270   0x00000098   Code   RO          254    i.Init_Timer        timer.o
    0x08001308   0x08001308   0x00000050   Code   RO          804    i.NVIC_Init         stm32f0xx_misc.o
    0x08001358   0x08001358   0x0000001c   Code   RO          837    i.RCC_AHBPeriphClockCmd  stm32f0xx_rcc.o
    0x08001374   0x08001374   0x0000001c   Code   RO          839    i.RCC_APB1PeriphClockCmd  stm32f0xx_rcc.o
    0x08001390   0x08001390   0x0000001c   Code   RO          840    i.RCC_APB1PeriphResetCmd  stm32f0xx_rcc.o
    0x080013ac   0x080013ac   0x0000001c   Code   RO          841    i.RCC_APB2PeriphClockCmd  stm32f0xx_rcc.o
    0x080013c8   0x080013c8   0x00000016   Code   RO         1104    i.SPI_Cmd           stm32f0xx_spi.o
    0x080013de   0x080013de   0x0000000e   Code   RO         1113    i.SPI_I2S_GetFlagStatus  stm32f0xx_spi.o
    0x080013ec   0x080013ec   0x00000004   Code   RO         1117    i.SPI_I2S_SendData16  stm32f0xx_spi.o
    0x080013f0   0x080013f0   0x00000054   Code   RO         1118    i.SPI_Init          stm32f0xx_spi.o
    0x08001444   0x08001444   0x00000020   Code   RO         1120    i.SPI_NSSInternalSoftwareConfig  stm32f0xx_spi.o
    0x08001464   0x08001464   0x0000009c   Code   RO         1305    i.SetSysClock       system_stm32f0xx.o
    0x08001500   0x08001500   0x00000060   Code   RO         1307    i.SystemInit        system_stm32f0xx.o
    0x08001560   0x08001560   0x000001c4   Code   RO          255    i.TIM14_IRQHandler  timer.o
    0x08001724   0x08001724   0x000008a8   Code   RO          256    i.TIM16_IRQHandler  timer.o
    0x08001fcc   0x08001fcc   0x000001c0   Code   RO          257    i.TIM17_IRQHandler  timer.o
    0x0800218c   0x0800218c   0x00000044   Code   RO          155    i.flash_erase       main.o
    0x080021d0   0x080021d0   0x000000d8   Code   RO          156    i.flash_prog_all    main.o
    0x080022a8   0x080022a8   0x000001c0   Code   RO          157    i.main              main.o
    0x08002468   0x08002468   0x00000012   Code   RO           99    i.out_config_convert  can.o
    0x0800247a   0x0800247a   0x00000002   PAD
    0x0800247c   0x0800247c   0x00000020   Data   RO         1515    Region$$Table       anon$$obj.o


    Execution Region ER_RW (Exec base: 0x20000000, Load base: 0x0800249c, Size: 0x00000034, Max: 0xffffffff, ABSOLUTE)

    Exec Addr    Load Addr    Size         Type   Attr      Idx    E Section Name        Object

    0x20000000   0x0800249c   0x0000000c   Data   RW          165    .data               main.o
    0x2000000c   0x080024a8   0x00000001   Data   RW          166    .data               main.o
    0x2000000d   0x080024a9   0x00000001   Data   RW          167    .data               main.o
    0x2000000e   0x080024aa   0x00000001   Data   RW          168    .data               main.o
    0x2000000f   0x080024ab   0x00000001   Data   RW          169    .data               main.o
    0x20000010   0x080024ac   0x00000001   Data   RW          170    .data               main.o
    0x20000011   0x080024ad   0x00000001   Data   RW          171    .data               main.o
    0x20000012   0x080024ae   0x00000001   Data   RW          172    .data               main.o
    0x20000013   0x080024af   0x00000001   Data   RW          173    .data               main.o
    0x20000014   0x080024b0   0x00000001   Data   RW          174    .data               main.o
    0x20000015   0x080024b1   0x00000001   PAD
    0x20000016   0x080024b2   0x00000002   Data   RW          175    .data               main.o
    0x20000018   0x080024b4   0x00000001   Data   RW          177    .data               main.o
    0x20000019   0x080024b5   0x00000001   Data   RW          178    .data               main.o
    0x2000001a   0x080024b6   0x00000001   Data   RW          179    .data               main.o
    0x2000001b   0x080024b7   0x00000001   Data   RW          180    .data               main.o
    0x2000001c   0x080024b8   0x00000001   Data   RW          181    .data               main.o
    0x2000001d   0x080024b9   0x00000001   Data   RW          182    .data               main.o
    0x2000001e   0x080024ba   0x00000001   Data   RW          183    .data               main.o
    0x2000001f   0x080024bb   0x00000001   PAD
    0x20000020   0x080024bc   0x00000002   Data   RW          184    .data               main.o
    0x20000022   0x080024be   0x00000001   Data   RW          185    .data               main.o
    0x20000023   0x080024bf   0x00000001   Data   RW          186    .data               main.o
    0x20000024   0x080024c0   0x00000001   Data   RW          187    .data               main.o
    0x20000025   0x080024c1   0x00000001   Data   RW          188    .data               main.o
    0x20000026   0x080024c2   0x00000001   Data   RW          189    .data               main.o
    0x20000027   0x080024c3   0x00000001   PAD
    0x20000028   0x080024c4   0x00000008   Data   RW          192    .data               main.o
    0x20000030   0x080024cc   0x00000003   Data   RW          193    .data               main.o
    0x20000033   0x080024cf   0x00000001   Data   RW          260    .data               timer.o


    Execution Region ER_ZI (Exec base: 0x20000034, Load base: 0x080024d0, Size: 0x000006e4, Max: 0xffffffff, ABSOLUTE)

    Exec Addr    Load Addr    Size         Type   Attr      Idx    E Section Name        Object

    0x20000034        -       0x0000000a   Zero   RW          158    .bss                main.o
    0x2000003e        -       0x00000010   Zero   RW          159    .bss                main.o
    0x2000004e   0x080024d0   0x00000002   PAD
    0x20000050        -       0x00000034   Zero   RW          160    .bss                main.o
    0x20000084        -       0x00000018   Zero   RW          161    .bss                main.o
    0x2000009c        -       0x0000000c   Zero   RW          162    .bss                main.o
    0x200000a8        -       0x0000000e   Zero   RW          163    .bss                main.o
    0x200000b6   0x080024d0   0x00000002   PAD
    0x200000b8        -       0x00000060   Zero   RW         1388    .bss                c_p.l(libspace.o)
    0x20000118        -       0x00000200   Zero   RW         1297    HEAP                startup_stm32f072xb.o
    0x20000318        -       0x00000400   Zero   RW         1296    STACK               startup_stm32f072xb.o


==============================================================================

Image component sizes


      Code (inc. data)   RO Data    RW Data    ZI Data      Debug   Object Name

       472         30          0          0          0     193774   adc.o
      1242        110          0          0          0       2325   can.o
       340         38          0          0          0       1047   gpio.o
       732         66          0         48        128       8244   main.o
       144          8          0          0          0        879   rcc.o
        56         26        192          0       1536        648   startup_stm32f072xb.o
       224          6          0          0          0       5886   stm32f0xx_adc.o
      1194         18          0          0          0       7666   stm32f0xx_can.o
       176          6          0          0          0       3013   stm32f0xx_gpio.o
        68         34          0          0          0       2198   stm32f0xx_iwdg.o
        80          8          0          0          0        864   stm32f0xx_misc.o
       112         24          0          0          0       2147   stm32f0xx_rcc.o
       156         16          0          0          0       3202   stm32f0xx_spi.o
       252         20          0          0          0       1429   system_stm32f0xx.o
      3268        322          0          1          0       4818   timer.o

    ----------------------------------------------------------------------
      8528        732        224         52       1668     238140   Object Totals
         0          0         32          0          0          0   (incl. Generated)
        12          0          0          3          4          0   (incl. Padding)

    ----------------------------------------------------------------------

      Code (inc. data)   RO Data    RW Data    ZI Data      Debug   Library Member Name

         8          0          0          0          0         68   __main.o
         0          0          0          0          0          0   __rtentry.o
        12          0          0          0          0          0   __rtentry2.o
         6          0          0          0          0          0   __rtentry4.o
        60          8          0          0          0          0   __scatter.o
        26          0          0          0          0          0   __scatter_copy.o
        28          0          0          0          0          0   __scatter_zi.o
       346          0          0          0          0         92   aeabi_sdiv.o
        16          0          0          0          0         68   exit.o
         6          0          0          0          0        136   heapauxi.o
         0          0          0          0          0          0   indicate_semi.o
         2          0          0          0          0          0   libinit.o
         2          0          0          0          0          0   libinit2.o
         2          0          0          0          0          0   libshutdown.o
         2          0          0          0          0          0   libshutdown2.o
         8          4          0          0         96         68   libspace.o
         2          0          0          0          0          0   rtexit.o
        10          0          0          0          0          0   rtexit2.o
        12          4          0          0          0         60   sys_exit.o
        62          0          0          0          0         80   sys_stackheap_outer.o
         2          0          0          0          0         68   use_no_semi.o

    ----------------------------------------------------------------------
       620         16          0          0         96        640   Library Totals
         8          0          0          0          0          0   (incl. Padding)

    ----------------------------------------------------------------------

      Code (inc. data)   RO Data    RW Data    ZI Data      Debug   Library Name

       612         16          0          0         96        640   c_p.l

    ----------------------------------------------------------------------
       620         16          0          0         96        640   Library Totals

    ----------------------------------------------------------------------

==============================================================================


      Code (inc. data)   RO Data    RW Data    ZI Data      Debug   

      9148        748        224         52       1764     236216   Grand Totals
      9148        748        224         52       1764     236216   ELF Image Totals
      9148        748        224         52          0          0   ROM Totals

==============================================================================

    Total RO  Size (Code + RO Data)                 9372 (   9.15kB)
    Total RW  Size (RW Data + ZI Data)              1816 (   1.77kB)
    Total ROM Size (Code + RO Data + RW Data)       9424 (   9.20kB)

==============================================================================

